Archive member included because of file (symbol)

c:/devkitPro/libogc/lib/wii\libSDL.a(SDL.o)
                              template.o (SDL_Init)
c:/devkitPro/libogc/lib/wii\libSDL.a(SDL_error.o)
                              template.o (SDL_GetError)
c:/devkitPro/libogc/lib/wii\libSDL.a(SDL_fatal.o)
                              c:/devkitPro/libogc/lib/wii\libSDL.a(SDL.o) (SDL_InstallParachute)
c:/devkitPro/libogc/lib/wii\libSDL.a(SDL_audio.o)
                              c:/devkitPro/libogc/lib/wii\libSDL.a(SDL.o) (SDL_AudioQuit)
c:/devkitPro/libogc/lib/wii\libSDL.a(SDL_audiocvt.o)
                              c:/devkitPro/libogc/lib/wii\libSDL.a(SDL_audio.o) (SDL_ConvertAudio)
c:/devkitPro/libogc/lib/wii\libSDL.a(SDL_wiiaudio.o)
                              c:/devkitPro/libogc/lib/wii\libSDL.a(SDL_audio.o) (WIIAUD_bootstrap)
c:/devkitPro/libogc/lib/wii\libSDL.a(SDL_cdrom.o)
                              c:/devkitPro/libogc/lib/wii\libSDL.a(SDL.o) (SDL_CDROMInit)
c:/devkitPro/libogc/lib/wii\libSDL.a(SDL_syscdrom.o)
                              c:/devkitPro/libogc/lib/wii\libSDL.a(SDL_cdrom.o) (SDL_SYS_CDInit)
c:/devkitPro/libogc/lib/wii\libSDL.a(SDL_wiirwops.o)
                              template.o (SDL_RWFromFile)
c:/devkitPro/libogc/lib/wii\libSDL.a(SDL_joystick.o)
                              c:/devkitPro/libogc/lib/wii\libSDL.a(SDL.o) (SDL_JoystickInit)
c:/devkitPro/libogc/lib/wii\libSDL.a(SDL_sysjoystick.o)
                              c:/devkitPro/libogc/lib/wii\libSDL.a(SDL_joystick.o) (SDL_SYS_JoystickInit)
c:/devkitPro/libogc/lib/wii\libSDL.a(SDL_wii_main.o)
                              c:/devkitpro/devkitppc/bin/../lib/gcc/powerpc-eabi/4.6.3/../../../../powerpc-eabi/lib/crtmain.o (main)
c:/devkitPro/libogc/lib/wii\libSDL.a(SDL_getenv.o)
                              c:/devkitPro/libogc/lib/wii\libSDL.a(SDL.o) (SDL_getenv)
c:/devkitPro/libogc/lib/wii\libSDL.a(SDL_string.o)
                              c:/devkitPro/libogc/lib/wii\libSDL.a(SDL_error.o) (SDL_snprintf)
c:/devkitPro/libogc/lib/wii\libSDL.a(SDL_thread.o)
                              c:/devkitPro/libogc/lib/wii\libSDL.a(SDL_error.o) (SDL_GetErrBuf)
c:/devkitPro/libogc/lib/wii\libSDL.a(SDL_sysmutex.o)
                              c:/devkitPro/libogc/lib/wii\libSDL.a(SDL_audio.o) (SDL_CreateMutex)
c:/devkitPro/libogc/lib/wii\libSDL.a(SDL_syssem.o)
                              c:/devkitPro/libogc/lib/wii\libSDL.a(SDL_thread.o) (SDL_CreateSemaphore)
c:/devkitPro/libogc/lib/wii\libSDL.a(SDL_systhread.o)
                              c:/devkitPro/libogc/lib/wii\libSDL.a(SDL_thread.o) (SDL_SYS_CreateThread)
c:/devkitPro/libogc/lib/wii\libSDL.a(SDL_timer.o)
                              c:/devkitPro/libogc/lib/wii\libSDL.a(SDL.o) (SDL_TimerInit)
c:/devkitPro/libogc/lib/wii\libSDL.a(SDL_systimer.o)
                              c:/devkitPro/libogc/lib/wii\libSDL.a(SDL.o) (SDL_StartTicks)
c:/devkitPro/libogc/lib/wii\libSDL.a(SDL_bmp.o)
                              template.o (SDL_LoadBMP_RW)
c:/devkitPro/libogc/lib/wii\libSDL.a(SDL_cursor.o)
                              template.o (SDL_ShowCursor)
c:/devkitPro/libogc/lib/wii\libSDL.a(SDL_pixels.o)
                              template.o (SDL_MapRGB)
c:/devkitPro/libogc/lib/wii\libSDL.a(SDL_surface.o)
                              template.o (SDL_SetColorKey)
c:/devkitPro/libogc/lib/wii\libSDL.a(SDL_video.o)
                              c:/devkitPro/libogc/lib/wii\libSDL.a(SDL_cursor.o) (current_video)
c:/devkitPro/libogc/lib/wii\libSDL.a(SDL_wiivideo.o)
                              c:/devkitPro/libogc/lib/wii\libSDL.a(SDL_wii_main.o) (WII_InitVideoSystem)
c:/devkitPro/libogc/lib/wii\libSDL.a(SDL_events.o)
                              c:/devkitPro/libogc/lib/wii\libSDL.a(SDL_joystick.o) (SDL_Lock_EventThread)
c:/devkitPro/libogc/lib/wii\libSDL.a(SDL_keyboard.o)
                              c:/devkitPro/libogc/lib/wii\libSDL.a(SDL_events.o) (SDL_KeyboardInit)
c:/devkitPro/libogc/lib/wii\libSDL.a(SDL_mouse.o)
                              c:/devkitPro/libogc/lib/wii\libSDL.a(SDL_events.o) (SDL_MouseInit)
c:/devkitPro/libogc/lib/wii\libSDL.a(SDL_quit.o)
                              c:/devkitPro/libogc/lib/wii\libSDL.a(SDL_events.o) (SDL_QuitInit)
c:/devkitPro/libogc/lib/wii\libSDL.a(SDL_resize.o)
                              c:/devkitPro/libogc/lib/wii\libSDL.a(SDL_video.o) (SDL_PrivateResize)
c:/devkitPro/libogc/lib/wii\libSDL.a(SDL_rwops.o)
                              c:/devkitPro/libogc/lib/wii\libSDL.a(SDL_wiirwops.o) (SDL_AllocRW)
c:/devkitPro/libogc/lib/wii\libSDL.a(SDL_syscond.o)
                              c:/devkitPro/libogc/lib/wii\libSDL.a(SDL_syssem.o) (SDL_CreateCond)
c:/devkitPro/libogc/lib/wii\libSDL.a(SDL_RLEaccel.o)
                              c:/devkitPro/libogc/lib/wii\libSDL.a(SDL_surface.o) (SDL_RLESurface)
c:/devkitPro/libogc/lib/wii\libSDL.a(SDL_blit.o)
[...]
Memory Configuration

Name             Origin             Length             Attributes
*default*        0x00000000         0xffffffff

Linker script and memory map

                0x00003400                . = 0x3400

.stub
 *(.stub)
                0x80004000                . = 0x80004000

.init           0x80004000      0x194
 *crt0.o(*.init)
 .init          0x80004000      0x170 c:/devkitPro/libogc/lib/wii\libogc.a(ogc_crt0.o)
                0x80004000                _start
                0x80004140                _memset
 *(.init)
 .init          0x80004170        0xc c:/devkitpro/devkitppc/bin/../lib/gcc/powerpc-eabi/4.6.3/ecrti.o
                0x80004170                __init
 .init          0x8000417c        0x4 c:/devkitpro/devkitppc/bin/../lib/gcc/powerpc-eabi/4.6.3/crtbegin.o
 .init          0x80004180        0x4 c:/devkitpro/devkitppc/bin/../lib/gcc/powerpc-eabi/4.6.3/crtend.o
 .init          0x80004184       0x10 c:/devkitpro/devkitppc/bin/../lib/gcc/powerpc-eabi/4.6.3/ecrtn.o

.rela.dyn       0x80004194        0x0
 .rela.iplt     0x00000000        0x0 c:/devkitpro/devkitppc/bin/../lib/gcc/powerpc-eabi/4.6.3/crtbegin.o

.plt
 *(.plt)

.interp
 *(.interp)

.hash
 *(.hash)

.dynsym
 *(.dynsym)

.dynstr
 *(.dynstr)

.gnu.version
 *(.gnu.version)

.gnu.version_d
 *(.gnu.version_d)

.gnu.version_r
 *(.gnu.version_r)

.rel.init
 *(.rel.init)

.rela.init      0x80004194        0x0
 *(.rela.init)
 .rela.init     0x00000000        0x0 c:/devkitpro/devkitppc/bin/../lib/gcc/powerpc-eabi/4.6.3/crtbegin.o

.rel.text
 *(.rel.text .rel.text.* .rel.gnu.linkonce.t.*)

.rela.text      0x80004194        0x0
 *(.rela.text .rela.text.* .rela.gnu.linkonce.t.*)
 .rela.text     0x00000000        0x0 c:/devkitpro/devkitppc/bin/../lib/gcc/powerpc-eabi/4.6.3/crtbegin.o
 .rela.text.init
                0x00000000        0x0 c:/devkitpro/devkitppc/bin/../lib/gcc/powerpc-eabi/4.6.3/crtbegin.o
 .rela.text.SDL_main
                0x00000000        0x0 c:/devkitpro/devkitppc/bin/../lib/gcc/powerpc-eabi/4.6.3/crtbegin.o
 .rela.text.SDL_AudioInit
                0x00000000        0x0 c:/devkitpro/devkitppc/bin/../lib/gcc/powerpc-eabi/4.6.3/crtbegin.o
 .rela.text.SDL_CDROMInit
                0x00000000        0x0 c:/devkitpro/devkitppc/bin/../lib/gcc/powerpc-eabi/4.6.3/crtbegin.o
 .rela.text.SDL_CDNumDrives
                0x00000000        0x0 c:/devkitpro/devkitppc/bin/../lib/gcc/powerpc-eabi/4.6.3/crtbegin.o
 .rela.text.SDL_CDName
                0x00000000        0x0 c:/devkitpro/devkitppc/bin/../lib/gcc/powerpc-eabi/4.6.3/crtbegin.o
 .rela.text.SDL_CDOpen
                0x00000000        0x0 c:/devkitpro/devkitppc/bin/../lib/gcc/powerpc-eabi/4.6.3/crtbegin.o
 .rela.text.SDL_PrivateJoystickAxis
                0x00000000        0x0 c:/devkitpro/devkitppc/bin/../lib/gcc/powerpc-eabi/4.6.3/crtbegin.o
 .rela.text.SDL_PrivateJoystickHat
                0x00000000        0x0 c:/devkitpro/devkitppc/bin/../lib/gcc/powerpc-eabi/4.6.3/crtbegin.o
 .rela.text.SDL_PrivateJoystickBall
                0x00000000        0x0 c:/devkitpro/devkitppc/bin/../lib/gcc/powerpc-eabi/4.6.3/crtbegin.o
 .rela.text.SDL_PrivateJoystickButton
                0x00000000        0x0 c:/devkitpro/devkitppc/bin/../lib/gcc/powerpc-eabi/4.6.3/crtbegin.o
 .rela.text.SDL_strupr
                0x00000000        0x0 c:/devkitpro/devkitppc/bin/../lib/gcc/powerpc-eabi/4.6.3/crtbegin.o
 .rela.text.SDL_strlwr
                0x00000000        0x0 c:/devkitpro/devkitppc/bin/../lib/gcc/powerpc-eabi/4.6.3/crtbegin.o
 .rela.text.SDL_vsnprintf
                0x00000000        0x0 c:/devkitpro/devkitppc/bin/../lib/gcc/powerpc-eabi/4.6.3/crtbegin.o
 .rela.text.SDL_SetTimer
                0x00000000        0x0 c:/devkitpro/devkitppc/bin/../lib/gcc/powerpc-eabi/4.6.3/crtbegin.o
 .rela.text.SDL_WarpMouse
                0x00000000        0x0 c:/devkitpro/devkitppc/bin/../lib/gcc/powerpc-eabi/4.6.3/crtbegin.o
 .rela.text.SDL_MouseRect
                0x00000000        0x0 c:/devkitpro/devkitppc/bin/../lib/gcc/powerpc-eabi/4.6.3/crtbegin.o
 .rela.text.SDL_DrawCursorNoLock
                0x00000000        0x0 c:/devkitpro/devkitppc/bin/../lib/gcc/powerpc-eabi/4.6.3/crtbegin.o
 .rela.text.SDL_DrawCursor
                0x00000000        0x0 c:/devkitpro/devkitppc/bin/../lib/gcc/powerpc-eabi/4.6.3/crtbegin.o
 .rela.text.SDL_EraseCursorNoLock
                0x00000000        0x0 c:/devkitpro/devkitppc/bin/../lib/gcc/powerpc-eabi/4.6.3/crtbegin.o
 .rela.text.SDL_MoveCursor
                0x00000000        0x0 c:/devkitpro/devkitppc/bin/../lib/gcc/powerpc-eabi/4.6.3/crtbegin.o
 .rela.text.SDL_EraseCursor
                0x00000000        0x0 c:/devkitpro/devkitppc/bin/../lib/gcc/powerpc-eabi/4.6.3/crtbegin.o
 .rela.text.SDL_SetCursor
                0x00000000        0x0 c:/devkitpro/devkitppc/bin/../lib/gcc/powerpc-eabi/4.6.3/crtbegin.o
 .rela.text.SDL_ShowCursor
                0x00000000        0x0 c:/devkitpro/devkitppc/bin/../lib/gcc/powerpc-eabi/4.6.3/crtbegin.o
 .rela.text.SDL_FreeCursor
                0x00000000        0x0 c:/devkitpro/devkitppc/bin/../lib/gcc/powerpc-eabi/4.6.3/crtbegin.o
 .rela.text.SDL_CreateCursor
                0x00000000        0x0 c:/devkitpro/devkitppc/bin/../lib/gcc/powerpc-eabi/4.6.3/crtbegin.o
 .rela.text.SDL_CursorInit
                0x00000000        0x0 c:/devkitpro/devkitppc/bin/../lib/gcc/powerpc-eabi/4.6.3/crtbegin.o
 .rela.text.SDL_FreeSurface.part.3
                0x00000000        0x0 c:/devkitpro/devkitppc/bin/../lib/gcc/powerpc-eabi/4.6.3/crtbegin.o
 .rela.text.SDL_SetColorKey
                0x00000000        0x0 c:/devkitpro/devkitppc/bin/../lib/gcc/powerpc-eabi/4.6.3/crtbegin.o
 .rela.text.SDL_SetAlpha
                0x00000000        0x0 c:/devkitpro/devkitppc/bin/../lib/gcc/powerpc-eabi/4.6.3/crtbegin.o
 .rela.text.SDL_SetAlphaChannel
                0x00000000        0x0 c:/devkitpro/devkitppc/bin/../lib/gcc/powerpc-eabi/4.6.3/crtbegin.o
 .rela.text.SDL_LowerBlit
                0x00000000        0x0 c:/devkitpro/devkitppc/bin/../lib/gcc/powerpc-eabi/4.6.3/crtbegin.o
 .rela.text.SDL_FillRect
                0x00000000        0x0 c:/devkitpro/devkitppc/bin/../lib/gcc/powerpc-eabi/4.6.3/crtbegin.o
 .rela.text.SDL_LockSurface
                0x00000000        0x0 c:/devkitpro/devkitppc/bin/../lib/gcc/powerpc-eabi/4.6.3/crtbegin.o
 .rela.text.SDL_UnlockSurface
                0x00000000        0x0 c:/devkitpro/devkitppc/bin/../lib/gcc/powerpc-eabi/4.6.3/crtbegin.o
 .rela.text.SDL_FreeSurface
                0x00000000        0x0 c:/devkitpro/devkitppc/bin/../lib/gcc/powerpc-eabi/4.6.3/crtbegin.o
 .rela.text.SDL_CreateRGBSurface
                0x00000000        0x0 c:/devkitpro/devkitppc/bin/../lib/gcc/powerpc-eabi/4.6.3/crtbegin.o
 .rela.text.SDL_VideoInit
                0x00000000        0x0 c:/devkitpro/devkitppc/bin/../lib/gcc/powerpc-eabi/4.6.3/crtbegin.o
 .rela.text.WII_CreateDevice
                0x00000000        0x0 c:/devkitpro/devkitppc/bin/../lib/gcc/powerpc-eabi/4.6.3/crtbegin.o
 .rela.text.WII_UpdateRect
                0x00000000        0x0 c:/devkitpro/devkitppc/bin/../lib/gcc/powerpc-eabi/4.6.3/crtbegin.o
 .rela.text.flip_thread
                0x00000000        0x0 c:/devkitpro/devkitppc/bin/../lib/gcc/powerpc-eabi/4.6.3/crtbegin.o
 .rela.text.SDL_StartEventLoop
                0x00000000        0x0 c:/devkitpro/devkitppc/bin/../lib/gcc/powerpc-eabi/4.6.3/crtbegin.o
 .rela.text.SDL_EventState
                0x00000000        0x0 c:/devkitpro/devkitppc/bin/../lib/gcc/powerpc-eabi/4.6.3/crtbegin.o
 .rela.text.SDL_PrivateSysWMEvent
                0x00000000        0x0 c:/devkitpro/devkitppc/bin/../lib/gcc/powerpc-eabi/4.6.3/crtbegin.o
 .rela.text.SDL_KeyboardInit
                0x00000000        0x0 c:/devkitpro/devkitppc/bin/../lib/gcc/powerpc-eabi/4.6.3/crtbegin.o
 .rela.text.SDL_ResetKeyboard
                0x00000000        0x0 c:/devkitpro/devkitppc/bin/../lib/gcc/powerpc-eabi/4.6.3/crtbegin.o
 .rela.text.SDL_PrivateKeyboard
                0x00000000        0x0 c:/devkitpro/devkitppc/bin/../lib/gcc/powerpc-eabi/4.6.3/crtbegin.o
 .rela.text.SDL_CheckKeyRepeat
                0x00000000        0x0 c:/devkitpro/devkitppc/bin/../lib/gcc/powerpc-eabi/4.6.3/crtbegin.o
 .rela.text.SDL_EnableKeyRepeat
                0x00000000        0x0 c:/devkitpro/devkitppc/bin/../lib/gcc/powerpc-eabi/4.6.3/crtbegin.o
 .rela.text.SDL_GetKeyRepeat
                0x00000000        0x0 c:/devkitpro/devkitppc/bin/../lib/gcc/powerpc-eabi/4.6.3/crtbegin.o
 .rela.text.SDL_ResetMouse
                0x00000000        0x0 c:/devkitpro/devkitppc/bin/../lib/gcc/powerpc-eabi/4.6.3/crtbegin.o
 .rela.text.SDL_PrivateMouseMotion
                0x00000000        0x0 c:/devkitpro/devkitppc/bin/../lib/gcc/powerpc-eabi/4.6.3/crtbegin.o
 .rela.text.SDL_PrivateMouseButton
                0x00000000        0x0 c:/devkitpro/devkitppc/bin/../lib/gcc/powerpc-eabi/4.6.3/crtbegin.o
 .rela.text.SDL_HandleSIG
                0x00000000        0x0 c:/devkitpro/devkitppc/bin/../lib/gcc/powerpc-eabi/4.6.3/crtbegin.o
 .rela.text.SDL_PrivateQuit
                0x00000000        0x0 c:/devkitpro/devkitppc/bin/../lib/gcc/powerpc-eabi/4.6.3/crtbegin.o
 .rela.text.SDL_PrivateResize
                0x00000000        0x0 c:/devkitpro/devkitppc/bin/../lib/gcc/powerpc-eabi/4.6.3/crtbegin.o
 .rela.text.SDL_PrivateAppActive
                0x00000000        0x0 c:/devkitpro/devkitppc/bin/../lib/gcc/powerpc-eabi/4.6.3/crtbegin.o
 .rela.text._keyboardRead
                0x00000000        0x0 c:/devkitpro/devkitppc/bin/../lib/gcc/powerpc-eabi/4.6.3/crtbegin.o
 .rela.text._kbd_buf_thread_func
                0x00000000        0x0 c:/devkitpro/devkitppc/bin/../lib/gcc/powerpc-eabi/4.6.3/crtbegin.o
 .rela.text.KEYBOARD_Init
                0x00000000        0x0 c:/devkitpro/devkitppc/bin/../lib/gcc/powerpc-eabi/4.6.3/crtbegin.o
 .rela.text.fatUnmount
                0x00000000        0x0 c:/devkitpro/devkitppc/bin/../lib/gcc/powerpc-eabi/4.6.3/crtbegin.o
 .rela.text.fatInit
                0x00000000        0x0 c:/devkitpro/devkitppc/bin/../lib/gcc/powerpc-eabi/4.6.3/crtbegin.o
 .rela.text.fatGetVolumeLabel
                0x00000000        0x0 c:/devkitpro/devkitppc/bin/../lib/gcc/powerpc-eabi/4.6.3/crtbegin.o
 .rela.text._FAT_directory_entryGetAlias
                0x00000000        0x0 c:/devkitpro/devkitppc/bin/../lib/gcc/powerpc-eabi/4.6.3/crtbegin.o
 .rela.text.get_io_wiisd
                0x00000000        0x0 c:/devkitpro/devkitppc/bin/../lib/gcc/powerpc-eabi/4.6.3/crtbegin.o
 .rela.text.get_io_usbstorage
                0x00000000        0x0 c:/devkitpro/devkitppc/bin/../lib/gcc/powerpc-eabi/4.6.3/crtbegin.o
 .rela.text.get_io_gcsda
                0x00000000        0x0 c:/devkitpro/devkitppc/bin/../lib/gcc/powerpc-eabi/4.6.3/crtbegin.o
 .rela.text.get_io_gcsdb
                0x00000000        0x0 c:/devkitpro/devkitppc/bin/../lib/gcc/powerpc-eabi/4.6.3/crtbegin.o
 .rela.text.wiiuse_handshake_expansion
                0x00000000        0x0 c:/devkitpro/devkitppc/bin/../lib/gcc/powerpc-eabi/4.6.3/crtbegin.o
 .rela.text.wiiuse_handshake
                0x00000000        0x0 c:/devkitpro/devkitppc/bin/../lib/gcc/powerpc-eabi/4.6.3/crtbegin.o
 .rela.text.wiiuse_init_cmd_queue
                0x00000000        0x0 c:/devkitpro/devkitppc/bin/../lib/gcc/powerpc-eabi/4.6.3/crtbegin.o
 .rela.text.wiiuse_init
                0x00000000        0x0 c:/devkitpro/devkitppc/bin/../lib/gcc/powerpc-eabi/4.6.3/crtbegin.o
 .rela.text.bt_alarmhandler
                0x00000000        0x0 c:/devkitpro/devkitppc/bin/../lib/gcc/powerpc-eabi/4.6.3/crtbegin.o
 .rela.text.__console_init
                0x00000000        0x0 c:/devkitpro/devkitppc/bin/../lib/gcc/powerpc-eabi/4.6.3/crtbegin.o
 .rela.text.__console_init_ex
                0x00000000        0x0 c:/devkitpro/devkitppc/bin/../lib/gcc/powerpc-eabi/4.6.3/crtbegin.o
 .rela.text.CON_EnableGecko
                0x00000000        0x0 c:/devkitpro/devkitppc/bin/../lib/gcc/powerpc-eabi/4.6.3/crtbegin.o
 .rela.text.__lwp_thread_calcheir
                0x00000000        0x0 c:/devkitpro/devkitppc/bin/../lib/gcc/powerpc-eabi/4.6.3/crtbegin.o
 .rela.text.__lwp_wd_insert_ticks.constprop.4
                0x00000000        0x0 c:/devkitpro/devkitppc/bin/../lib/gcc/powerpc-eabi/4.6.3/crtbegin.o
 .rela.text.__lwp_rotate_readyqueue
                0x00000000        0x0 c:/devkitpro/devkitppc/bin/../lib/gcc/powerpc-eabi/4.6.3/crtbegin.o
 .rela.text.__lwp_thread_setpriority
                0x00000000        0x0 c:/devkitpro/devkitppc/bin/../lib/gcc/powerpc-eabi/4.6.3/crtbegin.o
 .rela.text.__lwp_thread_close
                0x00000000        0x0 c:/devkitpro/devkitppc/bin/../lib/gcc/powerpc-eabi/4.6.3/crtbegin.o
 .rela.text.__lwp_thread_closeall
                0x00000000        0x0 c:/devkitpro/devkitppc/bin/../lib/gcc/powerpc-eabi/4.6.3/crtbegin.o
 .rela.text.__lwp_thread_startmultitasking
                0x00000000        0x0 c:/devkitpro/devkitppc/bin/../lib/gcc/powerpc-eabi/4.6.3/crtbegin.o
 .rela.text.__lwp_thread_stopmultitasking
                0x00000000        0x0 c:/devkitpro/devkitppc/bin/../lib/gcc/powerpc-eabi/4.6.3/crtbegin.o
 .rela.text.__lwp_thread_coreinit
                0x00000000        0x0 c:/devkitpro/devkitppc/bin/../lib/gcc/powerpc-eabi/4.6.3/crtbegin.o
 .rela.text.__lwp_cntrl_free
                0x00000000        0x0 c:/devkitpro/devkitppc/bin/../lib/gcc/powerpc-eabi/4.6.3/crtbegin.o
 .rela.text.__lwp_tqueue_open
                0x00000000        0x0 c:/devkitpro/devkitppc/bin/../lib/gcc/powerpc-eabi/4.6.3/crtbegin.o
 .rela.text.__lwp_cntrl_open
                0x00000000        0x0 c:/devkitpro/devkitppc/bin/../lib/gcc/powerpc-eabi/4.6.3/crtbegin.o
 .rela.text.__lwp_sysinit
                0x00000000        0x0 c:/devkitpro/devkitppc/bin/../lib/gcc/powerpc-eabi/4.6.3/crtbegin.o
 .rela.text.__lwp_thread_isalive
                0x00000000        0x0 c:/devkitpro/devkitppc/bin/../lib/gcc/powerpc-eabi/4.6.3/crtbegin.o
 .rela.text.__lwp_thread_exists
                0x00000000        0x0 c:/devkitpro/devkitppc/bin/../lib/gcc/powerpc-eabi/4.6.3/crtbegin.o
 .rela.text.__lwp_thread_context
                0x00000000        0x0 c:/devkitpro/devkitppc/bin/../lib/gcc/powerpc-eabi/4.6.3/crtbegin.o
 .rela.text.LWP_CreateThread
                0x00000000        0x0 c:/devkitpro/devkitppc/bin/../lib/gcc/powerpc-eabi/4.6.3/crtbegin.o
 .rela.text.LWP_InitQueue
                0x00000000        0x0 c:/devkitpro/devkitppc/bin/../lib/gcc/powerpc-eabi/4.6.3/crtbegin.o
 .rela.text.LWP_CloseQueue
                0x00000000        0x0 c:/devkitpro/devkitppc/bin/../lib/gcc/powerpc-eabi/4.6.3/crtbegin.o
 .rela.text.__lwp_stack_allocate
                0x00000000        0x0 c:/devkitpro/devkitppc/bin/../lib/gcc/powerpc-eabi/4.6.3/crtbegin.o
 .rela.text.__lwp_stack_free
                0x00000000        0x0 c:/devkitpro/devkitppc/bin/../lib/gcc/powerpc-eabi/4.6.3/crtbegin.o
 .rela.text.__lwp_watchdog_init
                0x00000000        0x0 c:/devkitpro/devkitppc/bin/../lib/gcc/powerpc-eabi/4.6.3/crtbegin.o
 .rela.text.__lwp_wd_tickle
                0x00000000        0x0 c:/devkitpro/devkitppc/bin/../lib/gcc/powerpc-eabi/4.6.3/crtbegin.o
 .rela.text.__lwp_wkspace_heapfree
                0x00000000        0x0 c:/devkitpro/devkitppc/bin/../lib/gcc/powerpc-eabi/4.6.3/crtbegin.o
 .rela.text.__lwp_wkspace_heapused
                0x00000000        0x0 c:/devkitpro/devkitppc/bin/../lib/gcc/powerpc-eabi/4.6.3/crtbegin.o
 .rela.text.__lwp_wkspace_init
                0x00000000        0x0 c:/devkitpro/devkitppc/bin/../lib/gcc/powerpc-eabi/4.6.3/crtbegin.o
 .rela.text.__lwp_objmgr_initinfo
                0x00000000        0x0 c:/devkitpro/devkitppc/bin/../lib/gcc/powerpc-eabi/4.6.3/crtbegin.o
 .rela.text.__irq_init
                0x00000000        0x0 c:/devkitpro/devkitppc/bin/../lib/gcc/powerpc-eabi/4.6.3/crtbegin.o
 .rela.text.__lwp_mutex_locksupp.constprop.7
                0x00000000        0x0 c:/devkitpro/devkitppc/bin/../lib/gcc/powerpc-eabi/4.6.3/crtbegin.o
 .rela.text.__lwp_mutex_init
                0x00000000        0x0 c:/devkitpro/devkitppc/bin/../lib/gcc/powerpc-eabi/4.6.3/crtbegin.o
 .rela.text.LWP_MutexInit
                0x00000000        0x0 c:/devkitpro/devkitppc/bin/../lib/gcc/powerpc-eabi/4.6.3/crtbegin.o
 .rela.text.LWP_MutexDestroy
                0x00000000        0x0 c:/devkitpro/devkitppc/bin/../lib/gcc/powerpc-eabi/4.6.3/crtbegin.o
 .rela.text.LWP_MutexUnlock
                0x00000000        0x0 c:/devkitpro/devkitppc/bin/../lib/gcc/powerpc-eabi/4.6.3/crtbegin.o
 .rela.text.__call_resetfuncs
                0x00000000        0x0 c:/devkitpro/devkitppc/bin/../lib/gcc/powerpc-eabi/4.6.3/crtbegin.o
 .rela.text.__locksram
                0x00000000        0x0 c:/devkitpro/devkitppc/bin/../lib/gcc/powerpc-eabi/4.6.3/crtbegin.o
 .rela.text.__lwp_wd_insert_ticks
                0x00000000        0x0 c:/devkitpro/devkitppc/bin/../lib/gcc/powerpc-eabi/4.6.3/crtbegin.o
 .rela.text.__unlocksram
                0x00000000        0x0 c:/devkitpro/devkitppc/bin/../lib/gcc/powerpc-eabi/4.6.3/crtbegin.o
 .rela.text.__sram_writecallback
                0x00000000        0x0 c:/devkitpro/devkitppc/bin/../lib/gcc/powerpc-eabi/4.6.3/crtbegin.o
 .rela.text.__sram_init
                0x00000000        0x0 c:/devkitpro/devkitppc/bin/../lib/gcc/powerpc-eabi/4.6.3/crtbegin.o
 .rela.text.__SYS_SyncSram
                0x00000000        0x0 c:/devkitpro/devkitppc/bin/../lib/gcc/powerpc-eabi/4.6.3/crtbegin.o
 .rela.text.SYS_Init
                0x00000000        0x0 c:/devkitpro/devkitppc/bin/../lib/gcc/powerpc-eabi/4.6.3/crtbegin.o
 .rela.text.SYS_RemoveAlarm
                0x00000000        0x0 c:/devkitpro/devkitppc/bin/../lib/gcc/powerpc-eabi/4.6.3/crtbegin.o
 .rela.text.SYS_CancelAlarm
                0x00000000        0x0 c:/devkitpro/devkitppc/bin/../lib/gcc/powerpc-eabi/4.6.3/crtbegin.o
 .rela.text.__lwp_cond_open
                0x00000000        0x0 c:/devkitpro/devkitppc/bin/../lib/gcc/powerpc-eabi/4.6.3/crtbegin.o
 .rela.text.__lwp_cond_init
                0x00000000        0x0 c:/devkitpro/devkitppc/bin/../lib/gcc/powerpc-eabi/4.6.3/crtbegin.o
 .rela.text.LWP_CondInit
                0x00000000        0x0 c:/devkitpro/devkitppc/bin/../lib/gcc/powerpc-eabi/4.6.3/crtbegin.o
 .rela.text.LWP_CondDestroy
                0x00000000        0x0 c:/devkitpro/devkitppc/bin/../lib/gcc/powerpc-eabi/4.6.3/crtbegin.o
 .rela.text.__GX_FifoLink
                0x00000000        0x0 c:/devkitpro/devkitppc/bin/../lib/gcc/powerpc-eabi/4.6.3/crtbegin.o
 .rela.text.__GX_WriteFifoIntEnable
                0x00000000        0x0 c:/devkitpro/devkitppc/bin/../lib/gcc/powerpc-eabi/4.6.3/crtbegin.o
 .rela.text.__GX_FifoReadEnable
                0x00000000        0x0 c:/devkitpro/devkitppc/bin/../lib/gcc/powerpc-eabi/4.6.3/crtbegin.o
 .rela.text.__GX_FifoReadDisable
                0x00000000        0x0 c:/devkitpro/devkitppc/bin/../lib/gcc/powerpc-eabi/4.6.3/crtbegin.o
 .rela.text.__GX_InitRevBits
                0x00000000        0x0 c:/devkitpro/devkitppc/bin/../lib/gcc/powerpc-eabi/4.6.3/crtbegin.o
 .rela.text.__GXDefTexRegionCallback
                0x00000000        0x0 c:/devkitpro/devkitppc/bin/../lib/gcc/powerpc-eabi/4.6.3/crtbegin.o
 .rela.text.__GXDefTlutRegionCallback
                0x00000000        0x0 c:/devkitpro/devkitppc/bin/../lib/gcc/powerpc-eabi/4.6.3/crtbegin.o
 .rela.text.__GX_FlushTextureState
                0x00000000        0x0 c:/devkitpro/devkitppc/bin/../lib/gcc/powerpc-eabi/4.6.3/crtbegin.o
 .rela.text.__SetSURegs
                0x00000000        0x0 c:/devkitpro/devkitppc/bin/../lib/gcc/powerpc-eabi/4.6.3/crtbegin.o
 .rela.text.__SETVCDFMT
                0x00000000        0x0 c:/devkitpro/devkitppc/bin/../lib/gcc/powerpc-eabi/4.6.3/crtbegin.o
 .rela.text.__GX_SetMatrixIndex
                0x00000000        0x0 c:/devkitpro/devkitppc/bin/../lib/gcc/powerpc-eabi/4.6.3/crtbegin.o
 .rela.text.__GX_SetDirtyState
                0x00000000        0x0 c:/devkitpro/devkitppc/bin/../lib/gcc/powerpc-eabi/4.6.3/crtbegin.o
 .rela.text.__SETVCDATTR
                0x00000000        0x0 c:/devkitpro/devkitppc/bin/../lib/gcc/powerpc-eabi/4.6.3/crtbegin.o
 .rela.text.__GX_WriteFifoIntReset.constprop.6
                0x00000000        0x0 c:/devkitpro/devkitppc/bin/../lib/gcc/powerpc-eabi/4.6.3/crtbegin.o
 .rela.text.__GXCPInterruptHandler
                0x00000000        0x0 c:/devkitpro/devkitppc/bin/../lib/gcc/powerpc-eabi/4.6.3/crtbegin.o
 .rela.text.GX_Flush
                0x00000000        0x0 c:/devkitpro/devkitppc/bin/../lib/gcc/powerpc-eabi/4.6.3/crtbegin.o
 .rela.text.GX_EnableBreakPt
                0x00000000        0x0 c:/devkitpro/devkitppc/bin/../lib/gcc/powerpc-eabi/4.6.3/crtbegin.o
 .rela.text.GX_DisableBreakPt
                0x00000000        0x0 c:/devkitpro/devkitppc/bin/../lib/gcc/powerpc-eabi/4.6.3/crtbegin.o
 .rela.text.GX_AbortFrame
                0x00000000        0x0 c:/devkitpro/devkitppc/bin/../lib/gcc/powerpc-eabi/4.6.3/crtbegin.o
 .rela.text.GX_PixModeSync
                0x00000000        0x0 c:/devkitpro/devkitppc/bin/../lib/gcc/powerpc-eabi/4.6.3/crtbegin.o
 .rela.text.GX_SetMisc
                0x00000000        0x0 c:/devkitpro/devkitppc/bin/../lib/gcc/powerpc-eabi/4.6.3/crtbegin.o
 .rela.text.GX_SetCopyClamp
                0x00000000        0x0 c:/devkitpro/devkitppc/bin/../lib/gcc/powerpc-eabi/4.6.3/crtbegin.o
 .rela.text.GX_SetDispCopyGamma
                0x00000000        0x0 c:/devkitpro/devkitppc/bin/../lib/gcc/powerpc-eabi/4.6.3/crtbegin.o
 .rela.text.GX_SetDispCopyFrame2Field
                0x00000000        0x0 c:/devkitpro/devkitppc/bin/../lib/gcc/powerpc-eabi/4.6.3/crtbegin.o
 .rela.text.GX_SetDispCopyYScale
                0x00000000        0x0 c:/devkitpro/devkitppc/bin/../lib/gcc/powerpc-eabi/4.6.3/crtbegin.o
 .rela.text.GX_SetDispCopyDst
                0x00000000        0x0 c:/devkitpro/devkitppc/bin/../lib/gcc/powerpc-eabi/4.6.3/crtbegin.o
 .rela.text.GX_SetDispCopySrc
                0x00000000        0x0 c:/devkitpro/devkitppc/bin/../lib/gcc/powerpc-eabi/4.6.3/crtbegin.o
 .rela.text.GX_CopyDisp
                0x00000000        0x0 c:/devkitpro/devkitppc/bin/../lib/gcc/powerpc-eabi/4.6.3/crtbegin.o
 .rela.text.GX_CopyTex
                0x00000000        0x0 c:/devkitpro/devkitppc/bin/../lib/gcc/powerpc-eabi/4.6.3/crtbegin.o
 .rela.text.GX_SetTexCopySrc
                0x00000000        0x0 c:/devkitpro/devkitppc/bin/../lib/gcc/powerpc-eabi/4.6.3/crtbegin.o
 .rela.text.GX_SetTexCopyDst
                0x00000000        0x0 c:/devkitpro/devkitppc/bin/../lib/gcc/powerpc-eabi/4.6.3/crtbegin.o
 .rela.text.GX_BeginDispList
                0x00000000        0x0 c:/devkitpro/devkitppc/bin/../lib/gcc/powerpc-eabi/4.6.3/crtbegin.o
 .rela.text.GX_EndDispList
                0x00000000        0x0 c:/devkitpro/devkitppc/bin/../lib/gcc/powerpc-eabi/4.6.3/crtbegin.o
 .rela.text.GX_CallDispList
                0x00000000        0x0 c:/devkitpro/devkitppc/bin/../lib/gcc/powerpc-eabi/4.6.3/crtbegin.o
 .rela.text.GX_SetChanCtrl
                0x00000000        0x0 c:/devkitpro/devkitppc/bin/../lib/gcc/powerpc-eabi/4.6.3/crtbegin.o
 .rela.text.GX_SetChanAmbColor
                0x00000000        0x0 c:/devkitpro/devkitppc/bin/../lib/gcc/powerpc-eabi/4.6.3/crtbegin.o
 .rela.text.GX_SetChanMatColor
                0x00000000        0x0 c:/devkitpro/devkitppc/bin/../lib/gcc/powerpc-eabi/4.6.3/crtbegin.o
 .rela.text.GX_SetVtxDesc
                0x00000000        0x0 c:/devkitpro/devkitppc/bin/../lib/gcc/powerpc-eabi/4.6.3/crtbegin.o
 .rela.text.GX_SetVtxDescv
                0x00000000        0x0 c:/devkitpro/devkitppc/bin/../lib/gcc/powerpc-eabi/4.6.3/crtbegin.o
 .rela.text.GX_GetVtxDescv
                0x00000000        0x0 c:/devkitpro/devkitppc/bin/../lib/gcc/powerpc-eabi/4.6.3/crtbegin.o
 .rela.text.GX_SetVtxAttrFmt
                0x00000000        0x0 c:/devkitpro/devkitppc/bin/../lib/gcc/powerpc-eabi/4.6.3/crtbegin.o
 .rela.text.GX_SetVtxAttrFmtv
                0x00000000        0x0 c:/devkitpro/devkitppc/bin/../lib/gcc/powerpc-eabi/4.6.3/crtbegin.o
 .rela.text.GX_Begin
                0x00000000        0x0 c:/devkitpro/devkitppc/bin/../lib/gcc/powerpc-eabi/4.6.3/crtbegin.o
 .rela.text.GX_SetTexCoordGen2
                0x00000000        0x0 c:/devkitpro/devkitppc/bin/../lib/gcc/powerpc-eabi/4.6.3/crtbegin.o
 .rela.text.GX_SetCurrentMtx
                0x00000000        0x0 c:/devkitpro/devkitppc/bin/../lib/gcc/powerpc-eabi/4.6.3/crtbegin.o
 .rela.text.GX_SetNumTexGens
                0x00000000        0x0 c:/devkitpro/devkitppc/bin/../lib/gcc/powerpc-eabi/4.6.3/crtbegin.o
 .rela.text.GX_SetZMode
                0x00000000        0x0 c:/devkitpro/devkitppc/bin/../lib/gcc/powerpc-eabi/4.6.3/crtbegin.o
 .rela.text.GX_LoadTexObjPreloaded
                0x00000000        0x0 c:/devkitpro/devkitppc/bin/../lib/gcc/powerpc-eabi/4.6.3/crtbegin.o
 .rela.text.GX_SetTexCoordScaleManually
                0x00000000        0x0 c:/devkitpro/devkitppc/bin/../lib/gcc/powerpc-eabi/4.6.3/crtbegin.o
 .rela.text.GX_SetTexCoordCylWrap
                0x00000000        0x0 c:/devkitpro/devkitppc/bin/../lib/gcc/powerpc-eabi/4.6.3/crtbegin.o
 .rela.text.GX_SetTexCoordBias
                0x00000000        0x0 c:/devkitpro/devkitppc/bin/../lib/gcc/powerpc-eabi/4.6.3/crtbegin.o
 .rela.text.GX_SetBlendMode
                0x00000000        0x0 c:/devkitpro/devkitppc/bin/../lib/gcc/powerpc-eabi/4.6.3/crtbegin.o
 .rela.text.GX_ClearVtxDesc
                0x00000000        0x0 c:/devkitpro/devkitppc/bin/../lib/gcc/powerpc-eabi/4.6.3/crtbegin.o
 .rela.text.GX_SetLineWidth
                0x00000000        0x0 c:/devkitpro/devkitppc/bin/../lib/gcc/powerpc-eabi/4.6.3/crtbegin.o
 .rela.text.GX_SetPointSize
                0x00000000        0x0 c:/devkitpro/devkitppc/bin/../lib/gcc/powerpc-eabi/4.6.3/crtbegin.o
 .rela.text.GX_SetTevColorIn
                0x00000000        0x0 c:/devkitpro/devkitppc/bin/../lib/gcc/powerpc-eabi/4.6.3/crtbegin.o
 .rela.text.GX_SetTevAlphaIn
                0x00000000        0x0 c:/devkitpro/devkitppc/bin/../lib/gcc/powerpc-eabi/4.6.3/crtbegin.o
 .rela.text.GX_SetTevColorOp
                0x00000000        0x0 c:/devkitpro/devkitppc/bin/../lib/gcc/powerpc-eabi/4.6.3/crtbegin.o
 .rela.text.GX_SetTevAlphaOp
                0x00000000        0x0 c:/devkitpro/devkitppc/bin/../lib/gcc/powerpc-eabi/4.6.3/crtbegin.o
 .rela.text.GX_SetCullMode
                0x00000000        0x0 c:/devkitpro/devkitppc/bin/../lib/gcc/powerpc-eabi/4.6.3/crtbegin.o
 .rela.text.GX_SetCoPlanar
                0x00000000        0x0 c:/devkitpro/devkitppc/bin/../lib/gcc/powerpc-eabi/4.6.3/crtbegin.o
 .rela.text.GX_EnableTexOffsets
                0x00000000        0x0 c:/devkitpro/devkitppc/bin/../lib/gcc/powerpc-eabi/4.6.3/crtbegin.o
 .rela.text.GX_SetScissor
                0x00000000        0x0 c:/devkitpro/devkitppc/bin/../lib/gcc/powerpc-eabi/4.6.3/crtbegin.o
 .rela.text.GX_SetNumChans
                0x00000000        0x0 c:/devkitpro/devkitppc/bin/../lib/gcc/powerpc-eabi/4.6.3/crtbegin.o
 .rela.text.GX_SetTevOrder
                0x00000000        0x0 c:/devkitpro/devkitppc/bin/../lib/gcc/powerpc-eabi/4.6.3/crtbegin.o
 .rela.text.GX_SetNumTevStages
                0x00000000        0x0 c:/devkitpro/devkitppc/bin/../lib/gcc/powerpc-eabi/4.6.3/crtbegin.o
 .rela.text.GX_SetTevKColorSel
                0x00000000        0x0 c:/devkitpro/devkitppc/bin/../lib/gcc/powerpc-eabi/4.6.3/crtbegin.o
 .rela.text.GX_SetTevKAlphaSel
                0x00000000        0x0 c:/devkitpro/devkitppc/bin/../lib/gcc/powerpc-eabi/4.6.3/crtbegin.o
 .rela.text.GX_SetTevSwapMode
                0x00000000        0x0 c:/devkitpro/devkitppc/bin/../lib/gcc/powerpc-eabi/4.6.3/crtbegin.o
 .rela.text.GX_SetTevSwapModeTable
                0x00000000        0x0 c:/devkitpro/devkitppc/bin/../lib/gcc/powerpc-eabi/4.6.3/crtbegin.o
 .rela.text.GX_SetNumIndStages
                0x00000000        0x0 c:/devkitpro/devkitppc/bin/../lib/gcc/powerpc-eabi/4.6.3/crtbegin.o
 .rela.text.GX_SetIndTexCoordScale
                0x00000000        0x0 c:/devkitpro/devkitppc/bin/../lib/gcc/powerpc-eabi/4.6.3/crtbegin.o
 .rela.text.GX_SetColorUpdate
                0x00000000        0x0 c:/devkitpro/devkitppc/bin/../lib/gcc/powerpc-eabi/4.6.3/crtbegin.o
 .rela.text.GX_SetAlphaUpdate
                0x00000000        0x0 c:/devkitpro/devkitppc/bin/../lib/gcc/powerpc-eabi/4.6.3/crtbegin.o
 .rela.text.GX_SetZCompLoc
                0x00000000        0x0 c:/devkitpro/devkitppc/bin/../lib/gcc/powerpc-eabi/4.6.3/crtbegin.o
 .rela.text.GX_SetPixelFmt
                0x00000000        0x0 c:/devkitpro/devkitppc/bin/../lib/gcc/powerpc-eabi/4.6.3/crtbegin.o
 .rela.text.GX_SetDither
                0x00000000        0x0 c:/devkitpro/devkitppc/bin/../lib/gcc/powerpc-eabi/4.6.3/crtbegin.o
 .rela.text.GX_SetDstAlpha
                0x00000000        0x0 c:/devkitpro/devkitppc/bin/../lib/gcc/powerpc-eabi/4.6.3/crtbegin.o
 .rela.text.GX_SetFieldMode
                0x00000000        0x0 c:/devkitpro/devkitppc/bin/../lib/gcc/powerpc-eabi/4.6.3/crtbegin.o
 .rela.text.GX_SetIndTexOrder
                0x00000000        0x0 c:/devkitpro/devkitppc/bin/../lib/gcc/powerpc-eabi/4.6.3/crtbegin.o
 .rela.text.GX_SetGPMetric
                0x00000000        0x0 c:/devkitpro/devkitppc/bin/../lib/gcc/powerpc-eabi/4.6.3/crtbegin.o
 .rela.text.GX_Init
                0x00000000        0x0 c:/devkitpro/devkitppc/bin/../lib/gcc/powerpc-eabi/4.6.3/crtbegin.o
 .rela.text.GX_ReadGPMetric
                0x00000000        0x0 c:/devkitpro/devkitppc/bin/../lib/gcc/powerpc-eabi/4.6.3/crtbegin.o
 .rela.text.c_decrementer_handler
                0x00000000        0x0 c:/devkitpro/devkitppc/bin/../lib/gcc/powerpc-eabi/4.6.3/crtbegin.o
 .rela.text.__lwp_mqbox_free
                0x00000000        0x0 c:/devkitpro/devkitppc/bin/../lib/gcc/powerpc-eabi/4.6.3/crtbegin.o
 .rela.text.__lwp_mqbox_open
                0x00000000        0x0 c:/devkitpro/devkitppc/bin/../lib/gcc/powerpc-eabi/4.6.3/crtbegin.o
 .rela.text.__lwp_mqbox_init
                0x00000000        0x0 c:/devkitpro/devkitppc/bin/../lib/gcc/powerpc-eabi/4.6.3/crtbegin.o
 .rela.text.MQ_Init
                0x00000000        0x0 c:/devkitpro/devkitppc/bin/../lib/gcc/powerpc-eabi/4.6.3/crtbegin.o
 .rela.text.__ios_ioctlvformat_parse
                0x00000000        0x0 c:/devkitpro/devkitppc/bin/../lib/gcc/powerpc-eabi/4.6.3/crtbegin.o
 .rela.text.__ioctlvfmtCB
                0x00000000        0x0 c:/devkitpro/devkitppc/bin/../lib/gcc/powerpc-eabi/4.6.3/crtbegin.o
 .rela.text.IOS_IoctlvFormat
                0x00000000        0x0 c:/devkitpro/devkitppc/bin/../lib/gcc/powerpc-eabi/4.6.3/crtbegin.o
 .rela.text.IOS_IoctlvFormatAsync
                0x00000000        0x0 c:/devkitpro/devkitppc/bin/../lib/gcc/powerpc-eabi/4.6.3/crtbegin.o
 .rela.text.nanosleep
                0x00000000        0x0 c:/devkitpro/devkitppc/bin/../lib/gcc/powerpc-eabi/4.6.3/crtbegin.o
 .rela.text.__libc_delete_hook
                0x00000000        0x0 c:/devkitpro/devkitppc/bin/../lib/gcc/powerpc-eabi/4.6.3/crtbegin.o
 .rela.text.__libc_init
                0x00000000        0x0 c:/devkitpro/devkitppc/bin/../lib/gcc/powerpc-eabi/4.6.3/crtbegin.o
 .rela.text.__libc_wrapup
                0x00000000        0x0 c:/devkitpro/devkitppc/bin/../lib/gcc/powerpc-eabi/4.6.3/crtbegin.o
 .rela.text.__CheckARGV
                0x00000000        0x0 c:/devkitpro/devkitppc/bin/../lib/gcc/powerpc-eabi/4.6.3/crtbegin.o
 .rela.text.__lwp_priority_init
                0x00000000        0x0 c:/devkitpro/devkitppc/bin/../lib/gcc/powerpc-eabi/4.6.3/crtbegin.o
 .rela.text.__lwp_wd_remove_ticks
                0x00000000        0x0 c:/devkitpro/devkitppc/bin/../lib/gcc/powerpc-eabi/4.6.3/crtbegin.o
 .rela.text.__lwp_threadqueue_enqueue
                0x00000000        0x0 c:/devkitpro/devkitppc/bin/../lib/gcc/powerpc-eabi/4.6.3/crtbegin.o
 .rela.text.__lwpmq_initialize
                0x00000000        0x0 c:/devkitpro/devkitppc/bin/../lib/gcc/powerpc-eabi/4.6.3/crtbegin.o
 .rela.text.__lwpmq_close
                0x00000000        0x0 c:/devkitpro/devkitppc/bin/../lib/gcc/powerpc-eabi/4.6.3/crtbegin.o
 .rela.text.__systemcall_init
                0x00000000        0x0 c:/devkitpro/devkitppc/bin/../lib/gcc/powerpc-eabi/4.6.3/crtbegin.o
 .rela.text.__exception_init
                0x00000000        0x0 c:/devkitpro/devkitppc/bin/../lib/gcc/powerpc-eabi/4.6.3/crtbegin.o
 .rela.text.__exception_close
                0x00000000        0x0 c:/devkitpro/devkitppc/bin/../lib/gcc/powerpc-eabi/4.6.3/crtbegin.o
 .rela.text.__exception_sethandler
                0x00000000        0x0 c:/devkitpro/devkitppc/bin/../lib/gcc/powerpc-eabi/4.6.3/crtbegin.o
 .rela.text.__lwp_sema_open
                0x00000000        0x0 c:/devkitpro/devkitppc/bin/../lib/gcc/powerpc-eabi/4.6.3/crtbegin.o
 .rela.text.__lwp_sema_init
                0x00000000        0x0 c:/devkitpro/devkitppc/bin/../lib/gcc/powerpc-eabi/4.6.3/crtbegin.o
 .rela.text.LWP_SemInit
                0x00000000        0x0 c:/devkitpro/devkitppc/bin/../lib/gcc/powerpc-eabi/4.6.3/crtbegin.o
 .rela.text.LWP_SemDestroy
                0x00000000        0x0 c:/devkitpro/devkitppc/bin/../lib/gcc/powerpc-eabi/4.6.3/crtbegin.o
 .rela.text.kprintf
                0x00000000        0x0 c:/devkitpro/devkitppc/bin/../lib/gcc/powerpc-eabi/4.6.3/crtbegin.o
 .rela.text.__card_readcid
                0x00000000        0x0 c:/devkitpro/devkitppc/bin/../lib/gcc/powerpc-eabi/4.6.3/crtbegin.o
 .rela.text.__card_readcsd
                0x00000000        0x0 c:/devkitpro/devkitppc/bin/../lib/gcc/powerpc-eabi/4.6.3/crtbegin.o
 .rela.text.__card_sd_status
                0x00000000        0x0 c:/devkitpro/devkitppc/bin/../lib/gcc/powerpc-eabi/4.6.3/crtbegin.o
 .rela.text.sdgecko_initIO
                0x00000000        0x0 c:/devkitpro/devkitppc/bin/../lib/gcc/powerpc-eabi/4.6.3/crtbegin.o
 .rela.text.atangent
                0x00000000        0x0 c:/devkitpro/devkitppc/bin/../lib/gcc/powerpc-eabi/4.6.3/crtbegin.o
 .rela.text.atangentf
                0x00000000        0x0 c:/devkitpro/devkitppc/bin/../lib/gcc/powerpc-eabi/4.6.3/crtbegin.o
 .rela.text.sinef
                0x00000000        0x0 c:/devkitpro/devkitppc/bin/../lib/gcc/powerpc-eabi/4.6.3/crtbegin.o
 .rela.text.sqrtf
                0x00000000        0x0 c:/devkitpro/devkitppc/bin/../lib/gcc/powerpc-eabi/4.6.3/crtbegin.o
 .rela.text.tanf
                0x00000000        0x0 c:/devkitpro/devkitppc/bin/../lib/gcc/powerpc-eabi/4.6.3/crtbegin.o
 .rela.text.calloc
                0x00000000        0x0 c:/devkitpro/devkitppc/bin/../lib/gcc/powerpc-eabi/4.6.3/crtbegin.o
 .rela.text.__errno
                0x00000000        0x0 c:/devkitpro/devkitppc/bin/../lib/gcc/powerpc-eabi/4.6.3/crtbegin.o
 .rela.text.exit
                0x00000000        0x0 c:/devkitpro/devkitppc/bin/../lib/gcc/powerpc-eabi/4.6.3/crtbegin.o
 .rela.text.fclose
                0x00000000        0x0 c:/devkitpro/devkitppc/bin/../lib/gcc/powerpc-eabi/4.6.3/crtbegin.o
 .rela.text.fflush
                0x00000000        0x0 c:/devkitpro/devkitppc/bin/../lib/gcc/powerpc-eabi/4.6.3/crtbegin.o
 .rela.text.std.isra.0
                0x00000000        0x0 c:/devkitpro/devkitppc/bin/../lib/gcc/powerpc-eabi/4.6.3/crtbegin.o
 .rela.text._cleanup
                0x00000000        0x0 c:/devkitpro/devkitppc/bin/../lib/gcc/powerpc-eabi/4.6.3/crtbegin.o
 .rela.text.__sfp
                0x00000000        0x0 c:/devkitpro/devkitppc/bin/../lib/gcc/powerpc-eabi/4.6.3/crtbegin.o
 .rela.text.__fp_lock_all
                0x00000000        0x0 c:/devkitpro/devkitppc/bin/../lib/gcc/powerpc-eabi/4.6.3/crtbegin.o
 .rela.text.__fp_unlock_all
                0x00000000        0x0 c:/devkitpro/devkitppc/bin/../lib/gcc/powerpc-eabi/4.6.3/crtbegin.o
 .rela.text._fopen_r
                0x00000000        0x0 c:/devkitpro/devkitppc/bin/../lib/gcc/powerpc-eabi/4.6.3/crtbegin.o
 .rela.text.fopen
                0x00000000        0x0 c:/devkitpro/devkitppc/bin/../lib/gcc/powerpc-eabi/4.6.3/crtbegin.o
 .rela.text.fprintf
                0x00000000        0x0 c:/devkitpro/devkitppc/bin/../lib/gcc/powerpc-eabi/4.6.3/crtbegin.o
 .rela.text.fputs
                0x00000000        0x0 c:/devkitpro/devkitppc/bin/../lib/gcc/powerpc-eabi/4.6.3/crtbegin.o
 .rela.text.fread
                0x00000000        0x0 c:/devkitpro/devkitppc/bin/../lib/gcc/powerpc-eabi/4.6.3/crtbegin.o
 .rela.text._malloc_trim_r
                0x00000000        0x0 c:/devkitpro/devkitppc/bin/../lib/gcc/powerpc-eabi/4.6.3/crtbegin.o
 .rela.text._free_r
                0x00000000        0x0 c:/devkitpro/devkitppc/bin/../lib/gcc/powerpc-eabi/4.6.3/crtbegin.o
 .rela.text._fseek_r
                0x00000000        0x0 c:/devkitpro/devkitppc/bin/../lib/gcc/powerpc-eabi/4.6.3/crtbegin.o
 .rela.text.fseek
                0x00000000        0x0 c:/devkitpro/devkitppc/bin/../lib/gcc/powerpc-eabi/4.6.3/crtbegin.o
 .rela.text.ftell
                0x00000000        0x0 c:/devkitpro/devkitppc/bin/../lib/gcc/powerpc-eabi/4.6.3/crtbegin.o
 .rela.text.fwrite
                0x00000000        0x0 c:/devkitpro/devkitppc/bin/../lib/gcc/powerpc-eabi/4.6.3/crtbegin.o
 .rela.text._findenv
                0x00000000        0x0 c:/devkitpro/devkitppc/bin/../lib/gcc/powerpc-eabi/4.6.3/crtbegin.o
 .rela.text.getenv
                0x00000000        0x0 c:/devkitpro/devkitppc/bin/../lib/gcc/powerpc-eabi/4.6.3/crtbegin.o
 .rela.text._findenv_r
                0x00000000        0x0 c:/devkitpro/devkitppc/bin/../lib/gcc/powerpc-eabi/4.6.3/crtbegin.o
 .rela.text.loadlocale
                0x00000000        0x0 c:/devkitpro/devkitppc/bin/../lib/gcc/powerpc-eabi/4.6.3/crtbegin.o
 .rela.text.__smakebuf_r
                0x00000000        0x0 c:/devkitpro/devkitppc/bin/../lib/gcc/powerpc-eabi/4.6.3/crtbegin.o
 .rela.text._mbrtowc_r
                0x00000000        0x0 c:/devkitpro/devkitppc/bin/../lib/gcc/powerpc-eabi/4.6.3/crtbegin.o
 .rela.text.mbrtowc
                0x00000000        0x0 c:/devkitpro/devkitppc/bin/../lib/gcc/powerpc-eabi/4.6.3/crtbegin.o
 .rela.text.mktime
                0x00000000        0x0 c:/devkitpro/devkitppc/bin/../lib/gcc/powerpc-eabi/4.6.3/crtbegin.o
 .rela.text._mktm_r
                0x00000000        0x0 c:/devkitpro/devkitppc/bin/../lib/gcc/powerpc-eabi/4.6.3/crtbegin.o
 .rela.text._wcrtomb_r
                0x00000000        0x0 c:/devkitpro/devkitppc/bin/../lib/gcc/powerpc-eabi/4.6.3/crtbegin.o
 .rela.text.wcrtomb
                0x00000000        0x0 c:/devkitpro/devkitppc/bin/../lib/gcc/powerpc-eabi/4.6.3/crtbegin.o
 .rela.text.wctob
                0x00000000        0x0 c:/devkitpro/devkitppc/bin/../lib/gcc/powerpc-eabi/4.6.3/crtbegin.o
 .rela.text._dtoa_r
                0x00000000        0x0 c:/devkitpro/devkitppc/bin/../lib/gcc/powerpc-eabi/4.6.3/crtbegin.o

.rel.fini
 *(.rel.fini)

.rela.fini
 *(.rela.fini)

.rel.rodata
 *(.rel.rodata .rel.rodata.* .rel.gnu.linkonce.r.*)

.rela.rodata    0x80004194        0x0
 *(.rela.rodata .rela.rodata.* .rela.gnu.linkonce.r.*)
 .rela.rodata   0x00000000        0x0 c:/devkitpro/devkitppc/bin/../lib/gcc/powerpc-eabi/4.6.3/crtbegin.o
 .rela.rodata.dotab_fat
                0x00000000        0x0 c:/devkitpro/devkitppc/bin/../lib/gcc/powerpc-eabi/4.6.3/crtbegin.o

.rel.data
 *(.rel.data .rel.data.* .rel.gnu.linkonce.d.*)

.rela.data
 *(.rela.data .rela.data.* .rela.gnu.linkonce.d.*)

.rel.tdata
 *(.rel.tdata .rel.tdata.* .rel.gnu.linkonce.td.*)

.rela.tdata
 *(.rela.tdata .rela.tdata.* .rela.gnu.linkonce.td.*)

.rel.tbss
 *(.rel.tbss .rel.tbss.* .rel.gnu.linkonce.tb.*)

.rela.tbss
 *(.rela.tbss .rela.tbss.* .rela.gnu.linkonce.tb.*)

.rel.ctors
 *(.rel.ctors)

.rela.ctors
 *(.rela.ctors)

.rel.dtors
 *(.rel.dtors)

.rela.dtors
 *(.rela.dtors)

.rel.got
 *(.rel.got)

.rela.got
 *(.rela.got)

.rela.got1
 *(.rela.got1)

.rela.got2      0x80004194        0x0
 *(.rela.got2)
 .rela.got2     0x00000000        0x0 c:/devkitpro/devkitppc/bin/../lib/gcc/powerpc-eabi/4.6.3/crtbegin.o

.rel.sdata
 *(.rel.sdata .rel.sdata.* .rel.gnu.linkonce.s.*)

.rela.sdata     0x80004194        0x0
 *(.rela.sdata .rela.sdata.* .rela.gnu.linkonce.s.*)
 .rela.sdata._ukbd_keymapdata
                0x00000000        0x0 c:/devkitpro/devkitppc/bin/../lib/gcc/powerpc-eabi/4.6.3/crtbegin.o

.rel.sbss
 *(.rel.sbss .rel.sbss.* .rel.gnu.linkonce.sb.*)

.rela.sbss
 *(.rela.sbss .rela.sbss.* .rel.gnu.linkonce.sb.*)

.rel.sdata2
 *(.rel.sdata2 .rel.sdata2.* .rel.gnu.linkonce.s2.*)

.rela.sdata2
 *(.rela.sdata2 .rela.sdata2.* .rela.gnu.linkonce.s2.*)

.rel.sbss2
 *(.rel.sbss2 .rel.sbss2.* .rel.gnu.linkonce.sb2.*)

.rela.sbss2
 *(.rela.sbss2 .rela.sbss2.* .rela.gnu.linkonce.sb2.*)

.rel.bss
 *(.rel.bss .rel.bss.* .rel.gnu.linkonce.b.*)

.rela.bss
 *(.rela.bss .rela.bss.* .rela.gnu.linkonce.b.*)

.rel.plt
 *(.rel.plt)

.rela.plt
 *(.rela.plt)

.text           0x800041a0    0xc1a20
 *(.text)
 .text          0x800041a0      0x168 c:/devkitpro/devkitppc/bin/../lib/gcc/powerpc-eabi/4.6.3/crtbegin.o
 .text          0x80004308       0x44 c:/devkitpro/devkitppc/bin/../lib/gcc/powerpc-eabi/4.6.3/../../../../powerpc-eabi/lib/crtmain.o
                0x8000430c                __crtmain
 .text          0x8000434c      0x120 C:\devkitPro\portlibs\ppc/lib\libfreetype.a(ftinit.o)
                0x8000434c                FT_Add_Default_Modules
                0x800043a0                FT_Init_FreeType
                0x8000442c                FT_Done_FreeType
 .text          0x8000446c     0xb160 C:\devkitPro\portlibs\ppc/lib\libfreetype.a(ftbase.o)
                0x80004ba8                FT_RoundFix
                0x80004bd8                FT_CeilFix
                0x80004c08                FT_FloorFix
                0x80004c28                FT_Sqrt32
                0x80004c60                FT_MulDiv
                0x80004e28                FT_MulDiv_No_Round
                0x80004f14                FT_MulFix
                0x80005064                FT_DivFix
                0x80005114                FT_Matrix_Multiply
                0x80005258                FT_Matrix_Invert
                0x8000533c                FT_Matrix_Multiply_Scaled
                0x8000547c                FT_Vector_Transform_Scaled
                0x8000553c                FT_SqrtFixed
                0x80005588                ft_corner_orientation
                0x80005698                ft_corner_is_flat
                0x80005710                FT_GlyphLoader_Rewind
                0x80005754                FT_GlyphLoader_Reset
                0x80005868                FT_GlyphLoader_Done
                0x800058b8                FT_GlyphLoader_Prepare
                0x8000590c                FT_GlyphLoader_Add
                0x80005970                ft_service_list_lookup
                0x800059f4                ft_validator_init
                0x80005a0c                ft_validator_run
                0x80005a14                ft_validator_error
                0x80005a30                FT_Stream_Free
                0x80005aa4                ft_glyphslot_free_bitmap
                0x80005be4                ft_glyphslot_set_bitmap
                0x80005c20                FT_Done_GlyphSlot
                0x80005cd8                FT_Set_Transform
                0x80005dc4                FT_Reference_Face
                0x80005ddc                FT_Done_Size
                0x80005f18                FT_Match_Size
                0x80006084                ft_synthesize_vertical_metrics
                0x80006100                FT_Select_Metrics
                0x800061f8                FT_Request_Metrics
                0x80006558                FT_Select_Size
                0x800065d8                FT_Request_Size
                0x800066b8                FT_Set_Char_Size
                0x8000675c                FT_Set_Pixel_Sizes
                0x800067f4                FT_Get_Kerning
                0x80006930                FT_Get_Track_Kerning
                0x800069dc                FT_Select_Charmap
                0x80006a78                FT_Get_Charmap_Index
                0x80006adc                FT_Get_Char_Index
                0x80006b24                FT_Get_Next_Char
                0x80006bdc                FT_Get_First_Char
                0x80006c98                FT_Get_Name_Index
                0x80006d70                FT_Get_Glyph_Name
                0x80006e84                FT_Get_Postscript_Name
                0x80006f54                FT_Get_Sfnt_Table
                0x80006ff0                FT_Load_Sfnt_Table
                0x800070a4                FT_Sfnt_Table_Info
                0x8000715c                FT_Get_CMap_Language_ID
                0x800071f0                FT_Get_CMap_Format
                0x80007350                FT_Face_GetCharsOfVariant
                0x800073e8                FT_Face_GetVariantsOfChar
                0x80007480                FT_Face_GetVariantSelectors
                0x80007504                FT_Face_GetCharVariantIsDefault
                0x8000757c                FT_Face_GetCharVariantIndex
                0x80007644                FT_Set_Charmap
                0x80007714                FT_Activate_Size
                0x80007744                FT_Lookup_Renderer
                0x800077b4                FT_Get_Renderer
                0x800077bc                FT_Set_Renderer
                0x80007904                FT_Render_Glyph_Internal
                0x80007a30                FT_Render_Glyph
                0x80007a60                FT_Get_Module
                0x80007b28                FT_Get_Module_Interface
                0x80007b5c                ft_module_get_service
                0x80007c5c                FT_Reference_Library
                0x80007c74                FT_Library_Version
                0x80007cc0                FT_Set_Debug_Hook
                0x80007cec                FT_Get_TrueType_Engine_Type
                0x80007d4c                ft_stub_set_char_sizes
                0x80007dd8                ft_stub_set_pixel_sizes
                0x80007e40                FT_Get_SubGlyph_Info
                0x80007ec8                FT_Outline_Decompose
                0x8000837c                FT_Outline_Check
                0x80008404                FT_Outline_Copy
                0x800084e0                FT_Outline_Done_Internal
                0x800085b4                FT_Outline_Done
                0x800085cc                FT_Outline_Get_CBox
                0x80008678                FT_Outline_Translate
                0x800086c4                FT_Outline_Reverse
                0x800087a0                FT_Outline_Render
                0x800088a0                FT_Outline_Get_Bitmap
                0x80008908                FT_Vector_Transform
                0x800089bc                FT_Outline_Transform
                0x80008a34                FT_Load_Glyph
                0x80008fc4                FT_Load_Char
                0x8000903c                FT_Get_Advances
                0x800091f8                FT_Get_Advance
                0x80009338                FT_Outline_Get_Orientation
                0x80009704                FT_Get_Sfnt_Name_Count
                0x80009724                FT_Stream_OpenMemory
                0x80009744                FT_Stream_Close
                0x8000977c                FT_Stream_Seek
                0x80009820                FT_Raccess_Guess
                0x80009944                FT_Stream_Skip
                0x80009960                FT_Stream_Pos
                0x80009968                FT_Stream_ReadAt
                0x80009a20                FT_Stream_Read
                0x80009a34                FT_Stream_TryRead
                0x80009adc                FT_Stream_ReleaseFrame
                0x80009b3c                FT_Stream_EnterFrame
                0x80009cb8                FT_Stream_ExtractFrame
                0x80009d08                FT_Stream_ExitFrame
                0x80009d6c                FT_Stream_GetChar
                0x80009d98                FT_Stream_GetShort
                0x80009dd4                FT_Stream_GetShortLE
                0x80009e14                FT_Stream_GetOffset
                0x80009e5c                FT_Stream_GetLong
                0x80009eac                FT_Stream_GetLongLE
                0x80009f00                FT_Stream_ReadChar
                0x80009fc0                FT_Stream_ReadShort
                0x8000a0a0                FT_Raccess_Get_HeaderInfo
                0x8000a2b0                FT_Stream_ReadShortLE
                0x8000a398                FT_Stream_ReadOffset
                0x8000a48c                FT_Stream_ReadLong
                0x8000a754                FT_Stream_ReadLongLE
                0x8000a860                FT_Stream_ReadFields
                0x8000ab10                FT_Cos
                0x8000ab58                FT_Sin
                0x8000ab64                FT_Tan
                0x8000abac                FT_Atan2
                0x8000ac00                FT_Vector_Unit
                0x8000ac58                FT_Vector_Rotate
                0x8000ad60                FT_Outline_Embolden
                0x8000b05c                FT_Vector_Length
                0x8000b144                FT_Vector_Polarize
                0x8000b1f0                FT_Vector_From_Polar
                0x8000b204                FT_Angle_Diff
                0x8000b268                ft_mem_alloc
                0x8000b6f8                FT_GlyphLoader_New
                0x8000b750                FT_New_Library
                0x8000ba8c                ft_glyphslot_alloc_bitmap
                0x8000bb58                FT_Stream_New
                0x8000bff8                FT_Attach_Stream
                0x8000c0b4                FT_Attach_File
                0x8000c100                FT_New_GlyphSlot
                0x8000c2b0                FT_New_Size
                0x8000c424                ft_mem_qalloc
                0x8000c48c                ft_mem_qrealloc
                0x8000c5a8                ft_mem_realloc
                0x8000c678                FT_GlyphLoader_CheckSubGlyphs
                0x8000c734                FT_GlyphLoader_CheckPoints
                0x8000c938                FT_GlyphLoader_CopyPoints
                0x8000ca74                FT_GlyphLoader_CreateExtra
                0x8000caf4                FT_Get_Sfnt_Name
                0x8000cc7c                FT_Raccess_Get_DataOffsets
                0x8000cf60                FT_Outline_New_Internal
                0x8000d09c                FT_Outline_New
                0x8000d0b4                FT_CMap_New
                0x8000d21c                FT_CMap_Done
                0x8000d380                ft_mem_free
                0x8000d3b0                ft_mem_dup
                0x8000d48c                ft_mem_strdup
                0x8000d4ec                ft_mem_strcpyn
                0x8000d540                FT_List_Find
                0x8000d578                FT_List_Add
                0x8000d5a8                FT_List_Insert
                0x8000d5d8                FT_List_Remove
                0x8000d60c                FT_List_Up
                0x8000d668                FT_List_Iterate
                0x8000d6d4                FT_List_Finalize
                0x8000d794                FT_Remove_Module
                0x8000da24                FT_Add_Module
                0x8000ded4                FT_Done_Face
                0x8000dfe0                FT_Done_Library
                0x8000e194                FT_Open_Face
                0x8000f360                FT_New_Memory_Face
                0x8000f3bc                FT_New_Face
                0x8000f408                ft_highpow2
                0x8000f420                FT_Alloc
                0x8000f458                FT_QAlloc
                0x8000f4ec                FT_Realloc
                0x8000f538                FT_QRealloc
                0x8000f584                FT_Free
 .text          0x8000f5cc     0xa8dc C:\devkitPro\portlibs\ppc/lib\libfreetype.a(truetype.o)
                0x80015f68                TT_RunIns
                0x80019d20                TT_New_Context
 .text          0x80019ea8     0x57f0 C:\devkitPro\portlibs\ppc/lib\libfreetype.a(type1.o)
 .text          0x8001f698     0x7044 C:\devkitPro\portlibs\ppc/lib\libfreetype.a(cff.o)
 .text          0x800266dc     0x1e28 C:\devkitPro\portlibs\ppc/lib\libfreetype.a(type1cid.o)
 .text          0x80028504     0x378c C:\devkitPro\portlibs\ppc/lib\libfreetype.a(pfr.o)
 .text          0x8002bc90     0x22e4 C:\devkitPro\portlibs\ppc/lib\libfreetype.a(type42.o)
 .text          0x8002df74     0x1164 C:\devkitPro\portlibs\ppc/lib\libfreetype.a(winfnt.o)
 .text          0x8002f0d8     0x20cc C:\devkitPro\portlibs\ppc/lib\libfreetype.a(pcf.o)
 .text          0x800311a4     0x3f24 C:\devkitPro\portlibs\ppc/lib\libfreetype.a(bdf.o)
 .text          0x800350c8     0x9bac C:\devkitPro\portlibs\ppc/lib\libfreetype.a(sfnt.o)
 .text          0x8003ec74     0x5954 C:\devkitPro\portlibs\ppc/lib\libfreetype.a(autofit.o)
                0x800445bc                af_glyph_hints_dump_points
                0x800445c0                af_glyph_hints_dump_segments
                0x800445c4                af_glyph_hints_dump_edges
 .text          0x800445c8     0x3d00 C:\devkitPro\portlibs\ppc/lib\libfreetype.a(pshinter.o)
                0x80046fc8                ps_hints_apply
 .text          0x800482c8     0x2c1c C:\devkitPro\portlibs\ppc/lib\libfreetype.a(raster.o)
 .text          0x8004aee4     0x210c C:\devkitPro\portlibs\ppc/lib\libfreetype.a(smooth.o)
 .text          0x8004cff0      0x88c C:\devkitPro\portlibs\ppc/lib\libfreetype.a(ftgzip.o)
                0x8004d558                FT_Stream_OpenGzip
 .text          0x8004d87c      0xc5c C:\devkitPro\portlibs\ppc/lib\libfreetype.a(ftlzw.o)
                0x8004db6c                ft_lzwstate_reset
                0x8004db98                ft_lzwstate_init
                0x8004dc28                FT_Stream_OpenLZW
                0x8004dd74                ft_lzwstate_done
                0x8004de94                ft_lzwstate_io
 .text          0x8004e4d8     0x4b28 C:\devkitPro\portlibs\ppc/lib\libfreetype.a(psaux.o)
 .text          0x80053000      0x8f4 C:\devkitPro\portlibs\ppc/lib\libfreetype.a(psnames.o)
 .text          0x800538f4      0x264 C:\devkitPro\portlibs\ppc/lib\libfreetype.a(ftsystem.o)
                0x80053a28                FT_Stream_Open
                0x80053ae0                FT_New_Memory
                0x80053b38                FT_Done_Memory
 .text          0x80053b58     0x2a78 C:\devkitPro\portlibs\ppc/lib\libz.a(inflate.o)
                0x80053d48                inflateReset
                0x80053dd0                inflateReset2
                0x80053f38                inflateInit2_
                0x8005407c                inflateInit_
                0x800541c0                inflatePrime
                0x80054238                inflate
                0x80055f1c                inflateEnd
                0x80055fa0                inflateSetDictionary
                0x800560c8                inflateGetHeader
                0x80056100                inflateSync
                0x80056350                inflateSyncPoint
                0x80056388                inflateCopy
                0x80056548                inflateUndermine
                0x80056570                inflateMark
 .text          0x800565d0      0x868 C:\devkitPro\portlibs\ppc/lib\libz.a(inftrees.o)
                0x800565d0                inflate_table
 .text          0x80056e38       0x74 C:\devkitPro\portlibs\ppc/lib\libz.a(zutil.o)
                0x80056e38                zlibVersion
                0x80056e44                zlibCompileFlags
                0x80056e4c                zError
                0x80056e64                zcalloc
                0x80056e88                zcfree
 .text          0x80056eac      0x564 C:\devkitPro\portlibs\ppc/lib\libz.a(adler32.o)
                0x80056eac                adler32
                0x80057238                adler32_combine
                0x80057324                adler32_combine64
 .text          0x80057410      0x63c C:\devkitPro\portlibs\ppc/lib\libz.a(crc32.o)
                0x8005763c                get_crc_table
                0x80057648                crc32
                0x80057a44                crc32_combine
                0x80057a48                crc32_combine64
 .text          0x80057a4c      0x99c C:\devkitPro\portlibs\ppc/lib\libz.a(inffast.o)
                0x80057a4c                inflate_fast
 *fill*         0x800583e8       0x18 00000000
 .text          0x80058400      0x44c c:/devkitPro/libogc/lib/wii\libogc.a(lwp_handler.o)
                0x80058400                _cpu_context_save_fp
                0x80058540                _cpu_context_restore_fp
                0x80058680                _cpu_context_switch
                0x80058760                _cpu_context_save
                0x800587e0                _cpu_context_restore
 .text          0x8005884c      0x4f4 c:/devkitPro/libogc/lib/wii\libogc.a(cache_asm.o)
                0x8005884c                DCFlashInvalidate
                0x80058860                DCEnable
                0x80058874                DCDisable
                0x80058888                DCFreeze
                0x8005889c                DCUnfreeze
                0x800588b0                DCTouchLoad
                0x800588b8                DCBlockZero
                0x800588c0                DCBlockStore
                0x800588c8                DCBlockFlush
                0x800588d0                DCBlockInvalidate
                0x800588d8                DCInvalidateRange
                0x80058908                DCFlushRange
                0x8005893c                DCStoreRange
                0x80058970                DCFlushRangeNoSync
                0x800589a0                DCStoreRangeNoSync
                0x800589d0                DCZeroRange
                0x80058a00                DCTouchRange
                0x80058a30                ICInvalidateRange
                0x80058a68                ICFlashInvalidate
                0x80058a7c                ICEnable
                0x80058a90                ICDisable
                0x80058aa4                ICFreeze
                0x80058ab8                ICUnfreeze
                0x80058acc                ICBlockInvalidate
                0x80058ad4                ICSync
                0x80058adc                L2Init
                0x80058b24                L2Enable
                0x80058b40                L2Disable
                0x80058b58                L2GlobalInvalidate
                0x80058bb0                __LCEnable
                0x80058c7c                LCDisable
                0x80058ca4                LCAllocOneTag
                0x80058cb8                LCAllocTags
                0x80058cf8                LCLoadBlocks
                0x80058d1c                LCStoreBlocks
 .text          0x80058d40      0x4a0 c:/devkitPro/libogc/lib/wii\libogc.a(system_asm.o)
                0x80058d40                __realmode
                0x80058d58                __configBATS
                0x80058e88                __InitFPRS
                0x80058fb4                __InitPS
                0x80059010                __InitCache
                0x80059068                __InitSystem
                0x800590f0                __flush_cache
                0x80059124                __reset
                0x80059194                __InitBATS
                0x800591b0                SYS_SwitchFiber
 .text          0x800591e0      0x8dc c:/devkitPro/libogc/lib/wii\libogc.a(gu_psasm.o)
                0x800591e0                ps_guMtxConcat
                0x800592a4                ps_guMtxIdentity
                0x800592d0                ps_guMtxCopy
                0x80059304                ps_guMtxTranspose
                0x80059354                ps_guMtxInverse
                0x8005944c                ps_guMtxInvXpose
                0x80059514                ps_guMtxScale
                0x8005953c                ps_guMtxScaleApply
                0x80059594                ps_guMtxApplyScale
                0x800595f8                ps_guMtxTrans
                0x8005962c                ps_guMtxTransApply
                0x80059678                ps_guMtxApplyTrans
                0x800596f4                ps_guMtxRotTrig
                0x800597a4                __ps_guMtxRotAxisRadInternal
                0x80059864                ps_guMtxReflect
                0x800598d4                ps_guVecAdd
                0x800598f8                ps_guVecSub
                0x8005991c                ps_guVecScale
                0x80059938                ps_guVecNormalize
                0x8005997c                ps_guVecCross
                0x800599b8                ps_guVecDotProduct
                0x800599d8                ps_guVecMultiply
                0x80059a2c                ps_guVecMultiplySR
                0x80059a9c                ps_guQuatDotProduct
 .text          0x80059abc      0x1ac c:/devkitPro/libogc/lib/wii\libogc.a(irq_handler.o)
                0x80059abc                irq_exceptionhandler
 .text          0x80059c68      0x118 c:/devkitPro/libogc/lib/wii\libogc.a(video_asm.o)
                0x80059c68                __VIClearFramebuffer
 .text          0x80059d80      0x1ac c:/devkitPro/libogc/lib/wii\libogc.a(decrementer_handler.o)
                0x80059d80                dec_exceptionhandler
 .text          0x80059f2c      0x35c c:/devkitPro/libogc/lib/wii\libogc.a(exception_handler.o)
                0x80059f2c                exceptionhandler_start
                0x80059fa8                exceptionhandler_patch
                0x80059fdc                exceptionhandler_end
                0x80059fe0                default_exceptionhandler
                0x8005a110                fpu_exceptionhandler
                0x8005a258                systemcallhandler_start
                0x8005a284                systemcallhandler_end
 .text          0x8005a288       0x40 c:/devkitpro/devkitppc/bin/../lib/gcc/powerpc-eabi/4.6.3\libgcc.a(_ashldi3.o)
                0x8005a288                __ashldi3
 .text          0x8005a2c8      0x448 c:/devkitpro/devkitppc/bin/../lib/gcc/powerpc-eabi/4.6.3\libgcc.a(_divdi3.o)
                0x8005a2c8                __divdi3
 .text          0x8005a710      0x430 c:/devkitpro/devkitppc/bin/../lib/gcc/powerpc-eabi/4.6.3\libgcc.a(_moddi3.o)
                0x8005a710                __moddi3
 .text          0x8005ab40      0x400 c:/devkitpro/devkitppc/bin/../lib/gcc/powerpc-eabi/4.6.3\libgcc.a(_udivdi3.o)
                0x8005ab40                __udivdi3
 .text          0x8005af40      0x3d4 c:/devkitpro/devkitppc/bin/../lib/gcc/powerpc-eabi/4.6.3\libgcc.a(_umoddi3.o)
                0x8005af40                __umoddi3
 .text          0x8005b314       0x48 c:/devkitpro/devkitppc/bin/../lib/gcc/powerpc-eabi/4.6.3\libgcc.a(eabi.o)
                0x8005b314                __eabi
 .text          0x8005b35c       0x4c c:/devkitpro/devkitppc/bin/../lib/gcc/powerpc-eabi/4.6.3\libgcc.a(crtsavfpr.o)
                0x8005b35c                _savefpr_14
                0x8005b360                _savefpr_15
                0x8005b364                _savefpr_16
                0x8005b368                _savefpr_17
                0x8005b36c                _savefpr_18
                0x8005b370                _savefpr_19
                0x8005b374                _savefpr_20
                0x8005b378                _savefpr_21
                0x8005b37c                _savefpr_22
                0x8005b380                _savefpr_23
                0x8005b384                _savefpr_24
                0x8005b388                _savefpr_25
                0x8005b38c                _savefpr_26
                0x8005b390                _savefpr_27
                0x8005b394                _savefpr_28
                0x8005b398                _savefpr_29
                0x8005b39c                _savefpr_30
                0x8005b3a0                _savefpr_31
 .text          0x8005b3a8       0x4c c:/devkitpro/devkitppc/bin/../lib/gcc/powerpc-eabi/4.6.3\libgcc.a(crtsavgpr.o)
                0x8005b3a8                _savegpr_14
                0x8005b3ac                _savegpr_15
                0x8005b3b0                _savegpr_16
                0x8005b3b4                _savegpr_17
                0x8005b3b8                _savegpr_18
                0x8005b3bc                _savegpr_19
                0x8005b3c0                _savegpr_20
                0x8005b3c4                _savegpr_21
                0x8005b3c8                _savegpr_22
                0x8005b3cc                _savegpr_23
                0x8005b3d0                _savegpr_24
                0x8005b3d4                _savegpr_25
                0x8005b3d8                _savegpr_26
                0x8005b3dc                _savegpr_27
                0x8005b3e0                _savegpr_28
                0x8005b3e4                _savegpr_29
                0x8005b3e8                _savegpr_30
                0x8005b3ec                _savegpr_31
 .text          0x8005b3f4       0x4c c:/devkitpro/devkitppc/bin/../lib/gcc/powerpc-eabi/4.6.3\libgcc.a(crtresgpr.o)
                0x8005b3f4                _restgpr_14
                0x8005b3f8                _restgpr_15
                0x8005b3fc                _restgpr_16
                0x8005b400                _restgpr_17
                0x8005b404                _restgpr_18
                0x8005b408                _restgpr_19
                0x8005b40c                _restgpr_20
                0x8005b410                _restgpr_21
                0x8005b414                _restgpr_22
                0x8005b418                _restgpr_23
                0x8005b41c                _restgpr_24
                0x8005b420                _restgpr_25
                0x8005b424                _restgpr_26
                0x8005b428                _restgpr_27
                0x8005b42c                _restgpr_28
                0x8005b430                _restgpr_29
                0x8005b434                _restgpr_30
                0x8005b438                _restgpr_31
 .text          0x8005b440       0x58 c:/devkitpro/devkitppc/bin/../lib/gcc/powerpc-eabi/4.6.3\libgcc.a(crtresxfpr.o)
                0x8005b440                _restfpr_14_x
                0x8005b444                _restfpr_15_x
                0x8005b448                _restfpr_16_x
                0x8005b44c                _restfpr_17_x
                0x8005b450                _restfpr_18_x
                0x8005b454                _restfpr_19_x
                0x8005b458                _restfpr_20_x
                0x8005b45c                _restfpr_21_x
                0x8005b460                _restfpr_22_x
                0x8005b464                _restfpr_23_x
                0x8005b468                _restfpr_24_x
                0x8005b46c                _restfpr_25_x
                0x8005b470                _restfpr_26_x
                0x8005b474                _restfpr_27_x
                0x8005b478                _restfpr_28_x
                0x8005b47c                _restfpr_29_x
                0x8005b480                _restfpr_30_x
                0x8005b484                _restfpr_31_x
 .text          0x8005b498       0x58 c:/devkitpro/devkitppc/bin/../lib/gcc/powerpc-eabi/4.6.3\libgcc.a(crtresxgpr.o)
                0x8005b498                _restgpr_14_x
                0x8005b49c                _restgpr_15_x
                0x8005b4a0                _restgpr_16_x
                0x8005b4a4                _restgpr_17_x
                0x8005b4a8                _restgpr_18_x
                0x8005b4ac                _restgpr_19_x
                0x8005b4b0                _restgpr_20_x
                0x8005b4b4                _restgpr_21_x
                0x8005b4b8                _restgpr_22_x
                0x8005b4bc                _restgpr_23_x
                0x8005b4c0                _restgpr_24_x
                0x8005b4c4                _restgpr_25_x
                0x8005b4c8                _restgpr_26_x
                0x8005b4cc                _restgpr_27_x
                0x8005b4d0                _restgpr_28_x
                0x8005b4d4                _restgpr_29_x
                0x8005b4d8                _restgpr_30_x
                0x8005b4dc                _restgpr_31_x
 .text          0x8005b4f0       0x28 c:/devkitpro/devkitppc/bin/../lib/gcc/powerpc-eabi/4.6.3/../../../../powerpc-eabi/lib\libsysbase.a(abort.o)
                0x8005b4f0                abort
 .text          0x8005b518      0x2ec c:/devkitpro/devkitppc/bin/../lib/gcc/powerpc-eabi/4.6.3/../../../../powerpc-eabi/lib\libsysbase.a(iosupport.o)
                0x8005b518                setDefaultDevice
                0x8005b530                FindDevice
                0x8005b654                RemoveDevice
                0x8005b6a4                AddDevice
                0x8005b7c0                GetDeviceOpTab
 .text          0x8005b804       0x28 c:/devkitpro/devkitppc/bin/../lib/gcc/powerpc-eabi/4.6.3/../../../../powerpc-eabi/lib\libsysbase.a(_exit.o)
                0x8005b804                _exit
 .text          0x8005b82c      0x4cc c:/devkitpro/devkitppc/bin/../lib/gcc/powerpc-eabi/4.6.3/../../../../powerpc-eabi/lib\libsysbase.a(chdir.o)
                0x8005b82c                _concatenate_path
                0x8005ba7c                chdir
                0x8005bc14                getcwd
 .text          0x8005bcf8       0x90 c:/devkitpro/devkitppc/bin/../lib/gcc/powerpc-eabi/4.6.3/../../../../powerpc-eabi/lib\libsysbase.a(build_argv.o)
                0x8005bcf8                build_argv
 .text          0x8005bd88      0x168 c:/devkitpro/devkitppc/bin/../lib/gcc/powerpc-eabi/4.6.3/../../../../powerpc-eabi/lib\libsysbase.a(syscall_support.o)
                0x8005bd88                __libc_lock_init
                0x8005bdc8                __libc_lock_close
                0x8005be08                __libc_lock_release
                0x8005be48                __libc_lock_acquire
                0x8005be88                __malloc_lock
                0x8005bebc                __malloc_unlock
 .text          0x8005bef0      0x180 c:/devkitpro/devkitppc/bin/../lib/gcc/powerpc-eabi/4.6.3/../../../../powerpc-eabi/lib\libc.a(lib_a-setjmp.o)
                0x8005bef0                setjmp
                0x8005bfac                longjmp
 .text          0x8005c070       0x98 c:/devkitpro/devkitppc/bin/../lib/gcc/powerpc-eabi/4.6.3/../../../../powerpc-eabi/lib\libsysbase.a(close.o)
                0x8005c070                _close_r
 .text          0x8005c108       0xc8 c:/devkitpro/devkitppc/bin/../lib/gcc/powerpc-eabi/4.6.3/../../../../powerpc-eabi/lib\libsysbase.a(fstat.o)
                0x8005c108                _fstat_r
 .text          0x8005c1d0       0x10 c:/devkitpro/devkitppc/bin/../lib/gcc/powerpc-eabi/4.6.3/../../../../powerpc-eabi/lib\libsysbase.a(getpid.o)
                0x8005c1d0                _getpid_r
 .text          0x8005c1e0        0x8 c:/devkitpro/devkitppc/bin/../lib/gcc/powerpc-eabi/4.6.3/../../../../powerpc-eabi/lib\libsysbase.a(isatty.o)
                0x8005c1e0                _isatty_r
 .text          0x8005c1e8       0x10 c:/devkitpro/devkitppc/bin/../lib/gcc/powerpc-eabi/4.6.3/../../../../powerpc-eabi/lib\libsysbase.a(kill.o)
                0x8005c1e8                _kill_r
 .text          0x8005c1f8       0xcc c:/devkitpro/devkitppc/bin/../lib/gcc/powerpc-eabi/4.6.3/../../../../powerpc-eabi/lib\libsysbase.a(lseek.o)
                0x8005c1f8                _lseek_r
 .text          0x8005c2c4      0x14c c:/devkitpro/devkitppc/bin/../lib/gcc/powerpc-eabi/4.6.3/../../../../powerpc-eabi/lib\libsysbase.a(open.o)
                0x8005c2c4                _open_r
 .text          0x8005c410       0xac c:/devkitpro/devkitppc/bin/../lib/gcc/powerpc-eabi/4.6.3/../../../../powerpc-eabi/lib\libsysbase.a(read.o)
                0x8005c410                _read_r
 .text          0x8005c4bc       0x50 c:/devkitpro/devkitppc/bin/../lib/gcc/powerpc-eabi/4.6.3/../../../../powerpc-eabi/lib\libsysbase.a(sbrk.o)
                0x8005c4bc                _sbrk_r
 .text          0x8005c50c       0x90 c:/devkitpro/devkitppc/bin/../lib/gcc/powerpc-eabi/4.6.3/../../../../powerpc-eabi/lib\libsysbase.a(stat.o)
                0x8005c50c                _stat_r
 .text          0x8005c59c       0xac c:/devkitpro/devkitppc/bin/../lib/gcc/powerpc-eabi/4.6.3/../../../../powerpc-eabi/lib\libsysbase.a(write.o)
                0x8005c59c                _write_r
 .text          0x8005c648       0x6c c:/devkitpro/devkitppc/bin/../lib/gcc/powerpc-eabi/4.6.3/../../../../powerpc-eabi/lib\libsysbase.a(flock.o)
                0x8005c648                __flockfile
                0x8005c690                __funlockfile
 .text          0x8005c6b4      0x174 c:/devkitpro/devkitppc/bin/../lib/gcc/powerpc-eabi/4.6.3/../../../../powerpc-eabi/lib\libsysbase.a(handle_manager.o)
                0x8005c6b4                __release_handle
                0x8005c710                __alloc_handle
                0x8005c804                __get_handle
 .text          0x8005c828       0x6c c:/devkitpro/devkitppc/bin/../lib/gcc/powerpc-eabi/4.6.3/crtend.o
 *(.text.*)
 .text.load_image
                0x8005c894       0x8c template.o
                0x8005c894                load_image
 .text.init     0x8005c920      0x184 template.o
                0x8005c920                init
 .text.apply_surface
                0x8005caa4       0x38 template.o
                0x8005caa4                apply_surface
 .text.cleanup  0x8005cadc       0x64 template.o
                0x8005cadc                cleanup
 .text.input    0x8005cb40      0x18c template.o
                0x8005cb40                input
 .text.detectCollisions
                0x8005cccc      0x114 template.o
                0x8005cccc                detectCollisions
 .text.SDL_main
                0x8005cde0      0x11c template.o
                0x8005cde0                SDL_main
 .text.SDL_InitSubSystem
                0x8005cefc      0x1bc c:/devkitPro/libogc/lib/wii\libSDL.a(SDL.o)
                0x8005cefc                SDL_InitSubSystem
 .text.SDL_Init
                0x8005d0b8       0x58 c:/devkitPro/libogc/lib/wii\libSDL.a(SDL.o)
                0x8005d0b8                SDL_Init
 .text.SDL_Quit
                0x8005d110       0xb8 c:/devkitPro/libogc/lib/wii\libSDL.a(SDL.o)
                0x8005d110                SDL_Quit
 .text.SDL_SetError
                0x8005d1c8      0x298 c:/devkitPro/libogc/lib/wii\libSDL.a(SDL_error.o)
                0x8005d1c8                SDL_SetError
 .text.SDL_GetError
                0x8005d460      0x1e8 c:/devkitPro/libogc/lib/wii\libSDL.a(SDL_error.o)
                0x8005d460                SDL_GetError
 .text.SDL_ClearError
                0x8005d648       0x28 c:/devkitPro/libogc/lib/wii\libSDL.a(SDL_error.o)
                0x8005d648                SDL_ClearError
 .text.SDL_Error
                0x8005d670       0x70 c:/devkitPro/libogc/lib/wii\libSDL.a(SDL_error.o)
                0x8005d670                SDL_Error
 .text.SDL_Parachute
                0x8005d6e0       0x3c c:/devkitPro/libogc/lib/wii\libSDL.a(SDL_fatal.o)
 .text.SDL_InstallParachute
                0x8005d71c       0x70 c:/devkitPro/libogc/lib/wii\libSDL.a(SDL_fatal.o)
                0x8005d71c                SDL_InstallParachute
 .text.SDL_UninstallParachute
                0x8005d78c       0x74 c:/devkitPro/libogc/lib/wii\libSDL.a(SDL_fatal.o)
                0x8005d78c                SDL_UninstallParachute
 .text.SDL_UnlockAudio_Default
                0x8005d800       0x4c c:/devkitPro/libogc/lib/wii\libSDL.a(SDL_audio.o)
 .text.SDL_LockAudio_Default
                0x8005d84c       0x4c c:/devkitPro/libogc/lib/wii\libSDL.a(SDL_audio.o)
 .text.SDL_AudioQuit
                0x8005d898       0xd8 c:/devkitPro/libogc/lib/wii\libSDL.a(SDL_audio.o)
                0x8005d898                SDL_AudioQuit
 .text.SDL_AudioInit
                0x8005d970      0x130 c:/devkitPro/libogc/lib/wii\libSDL.a(SDL_audio.o)
                0x8005d970                SDL_AudioInit
 .text.SDL_CalculateAudioSpec
                0x8005daa0       0x54 c:/devkitPro/libogc/lib/wii\libSDL.a(SDL_audio.o)
                0x8005daa0                SDL_CalculateAudioSpec
 .text.SDL_ConvertAudio
                0x8005daf4       0x74 c:/devkitPro/libogc/lib/wii\libSDL.a(SDL_audiocvt.o)
                0x8005daf4                SDL_ConvertAudio
 .text.WIIAUD_WaitAudio
                0x8005db68        0x4 c:/devkitPro/libogc/lib/wii\libSDL.a(SDL_wiiaudio.o)
 .text.WIIAUD_PlayAudio
                0x8005db6c        0x4 c:/devkitPro/libogc/lib/wii\libSDL.a(SDL_wiiaudio.o)
 .text.WIIAUD_GetAudioBuf
                0x8005db70        0x8 c:/devkitPro/libogc/lib/wii\libSDL.a(SDL_wiiaudio.o)
 .text.WIIAUD_Available
                0x8005db78        0x8 c:/devkitPro/libogc/lib/wii\libSDL.a(SDL_wiiaudio.o)
 .text.WIIAUD_CreateDevice
                0x8005db80      0x104 c:/devkitPro/libogc/lib/wii\libSDL.a(SDL_wiiaudio.o)
 .text.WIIAUD_DeleteDevice
                0x8005dc84       0x50 c:/devkitPro/libogc/lib/wii\libSDL.a(SDL_wiiaudio.o)
 .text.WIIAUD_CloseAudio
                0x8005dcd4       0x2c c:/devkitPro/libogc/lib/wii\libSDL.a(SDL_wiiaudio.o)
 .text.DMACallback
                0x8005dd00       0x5c c:/devkitPro/libogc/lib/wii\libSDL.a(SDL_wiiaudio.o)
 .text.AudioThread
                0x8005dd5c      0x1fc c:/devkitPro/libogc/lib/wii\libSDL.a(SDL_wiiaudio.o)
 .text.WII_AudioStart
                0x8005df58       0xd8 c:/devkitPro/libogc/lib/wii\libSDL.a(SDL_wiiaudio.o)
                0x8005df58                WII_AudioStart
 .text.WIIAUD_OpenAudio
                0x8005e030       0xb4 c:/devkitPro/libogc/lib/wii\libSDL.a(SDL_wiiaudio.o)
 .text.SDL_CDROMInit
                0x8005e0e4       0x4c c:/devkitPro/libogc/lib/wii\libSDL.a(SDL_cdrom.o)
                0x8005e0e4                SDL_CDROMInit
 .text.SDL_CDROMQuit
                0x8005e130       0x2c c:/devkitPro/libogc/lib/wii\libSDL.a(SDL_cdrom.o)
                0x8005e130                SDL_CDROMQuit
 .text.SDL_SYS_CDInit
                0x8005e15c        0x8 c:/devkitPro/libogc/lib/wii\libSDL.a(SDL_syscdrom.o)
                0x8005e15c                SDL_SYS_CDInit
 .text.SDL_SYS_CDQuit
                0x8005e164        0x4 c:/devkitPro/libogc/lib/wii\libSDL.a(SDL_syscdrom.o)
                0x8005e164                SDL_SYS_CDQuit
 .text.wii_close
                0x8005e168       0x40 c:/devkitPro/libogc/lib/wii\libSDL.a(SDL_wiirwops.o)
 .text.wii_write
                0x8005e1a8       0x6c c:/devkitPro/libogc/lib/wii\libSDL.a(SDL_wiirwops.o)
 .text.wii_read
                0x8005e214       0x58 c:/devkitPro/libogc/lib/wii\libSDL.a(SDL_wiirwops.o)
 .text.wii_seek
                0x8005e26c       0x94 c:/devkitPro/libogc/lib/wii\libSDL.a(SDL_wiirwops.o)
 .text.SDL_RWFromFile
                0x8005e300      0x194 c:/devkitPro/libogc/lib/wii\libSDL.a(SDL_wiirwops.o)
                0x8005e300                SDL_RWFromFile
 .text.SDL_JoystickInit
                0x8005e494       0xc4 c:/devkitPro/libogc/lib/wii\libSDL.a(SDL_joystick.o)
                0x8005e494                SDL_JoystickInit
 .text.SDL_JoystickQuit
                0x8005e558       0x58 c:/devkitPro/libogc/lib/wii\libSDL.a(SDL_joystick.o)
                0x8005e558                SDL_JoystickQuit
 .text.SDL_PrivateJoystickAxis
                0x8005e5b0       0xb8 c:/devkitPro/libogc/lib/wii\libSDL.a(SDL_joystick.o)
                0x8005e5b0                SDL_PrivateJoystickAxis
 .text.SDL_PrivateJoystickHat
                0x8005e668       0xb4 c:/devkitPro/libogc/lib/wii\libSDL.a(SDL_joystick.o)
                0x8005e668                SDL_PrivateJoystickHat
 .text.SDL_PrivateJoystickButton
                0x8005e71c       0xfc c:/devkitPro/libogc/lib/wii\libSDL.a(SDL_joystick.o)
                0x8005e71c                SDL_PrivateJoystickButton
 .text.SDL_JoystickUpdate
                0x8005e818       0x60 c:/devkitPro/libogc/lib/wii\libSDL.a(SDL_joystick.o)
                0x8005e818                SDL_JoystickUpdate
 .text.WPAD_Stick
                0x8005e878      0x144 c:/devkitPro/libogc/lib/wii\libSDL.a(SDL_sysjoystick.o)
 .text.SDL_SYS_JoystickInit
                0x8005e9bc        0x8 c:/devkitPro/libogc/lib/wii\libSDL.a(SDL_sysjoystick.o)
                0x8005e9bc                SDL_SYS_JoystickInit
 .text.SDL_SYS_JoystickUpdate
                0x8005e9c4      0x7d8 c:/devkitPro/libogc/lib/wii\libSDL.a(SDL_sysjoystick.o)
                0x8005e9c4                SDL_SYS_JoystickUpdate
 .text.SDL_SYS_JoystickQuit
                0x8005f19c        0x4 c:/devkitPro/libogc/lib/wii\libSDL.a(SDL_sysjoystick.o)
                0x8005f19c                SDL_SYS_JoystickQuit
 .text.ShutdownCB
                0x8005f1a0       0x18 c:/devkitPro/libogc/lib/wii\libSDL.a(SDL_wii_main.o)
 .text.ResetCB  0x8005f1b8       0x18 c:/devkitPro/libogc/lib/wii\libSDL.a(SDL_wii_main.o)
 .text.RestartHomebrewChannel
                0x8005f1d0       0x24 c:/devkitPro/libogc/lib/wii\libSDL.a(SDL_wii_main.o)
                0x8005f1d0                RestartHomebrewChannel
 .text.Terminate
                0x8005f1f4       0x70 c:/devkitPro/libogc/lib/wii\libSDL.a(SDL_wii_main.o)
                0x8005f1f4                Terminate
 .text.startup.main
                0x8005f264       0xc8 c:/devkitPro/libogc/lib/wii\libSDL.a(SDL_wii_main.o)
                0x8005f264                main
 .text.SDL_getenv
                0x8005f32c       0xcc c:/devkitPro/libogc/lib/wii\libSDL.a(SDL_getenv.o)
                0x8005f32c                SDL_getenv
 .text.SDL_revcpy
                0x8005f3f8       0x38 c:/devkitPro/libogc/lib/wii\libSDL.a(SDL_string.o)
                0x8005f3f8                SDL_revcpy
 .text.SDL_ltoa
                0x8005f430      0x140 c:/devkitPro/libogc/lib/wii\libSDL.a(SDL_string.o)
                0x8005f430                SDL_ltoa
 .text.SDL_lltoa
                0x8005f570      0x1a8 c:/devkitPro/libogc/lib/wii\libSDL.a(SDL_string.o)
                0x8005f570                SDL_lltoa
 .text.SDL_vsnprintf
                0x8005f718      0xa58 c:/devkitPro/libogc/lib/wii\libSDL.a(SDL_string.o)
                0x8005f718                SDL_vsnprintf
 .text.SDL_snprintf
                0x80060170       0x7c c:/devkitPro/libogc/lib/wii\libSDL.a(SDL_string.o)
                0x80060170                SDL_snprintf
 .text.SDL_DelThread
                0x800601ec      0x118 c:/devkitPro/libogc/lib/wii\libSDL.a(SDL_thread.o)
 .text.SDL_GetErrBuf
                0x80060304       0xd8 c:/devkitPro/libogc/lib/wii\libSDL.a(SDL_thread.o)
                0x80060304                SDL_GetErrBuf
 .text.SDL_RunThread
                0x800603dc       0x6c c:/devkitPro/libogc/lib/wii\libSDL.a(SDL_thread.o)
                0x800603dc                SDL_RunThread
 .text.SDL_CreateThread
                0x80060448      0x1dc c:/devkitPro/libogc/lib/wii\libSDL.a(SDL_thread.o)
                0x80060448                SDL_CreateThread
 .text.SDL_WaitThread
                0x80060624       0x5c c:/devkitPro/libogc/lib/wii\libSDL.a(SDL_thread.o)
                0x80060624                SDL_WaitThread
 .text.SDL_CreateMutex
                0x80060680       0x5c c:/devkitPro/libogc/lib/wii\libSDL.a(SDL_sysmutex.o)
                0x80060680                SDL_CreateMutex
 .text.SDL_DestroyMutex
                0x800606dc       0x3c c:/devkitPro/libogc/lib/wii\libSDL.a(SDL_sysmutex.o)
                0x800606dc                SDL_DestroyMutex
 .text.SDL_mutexP
                0x80060718       0x44 c:/devkitPro/libogc/lib/wii\libSDL.a(SDL_sysmutex.o)
                0x80060718                SDL_mutexP
 .text.SDL_mutexV
                0x8006075c       0x44 c:/devkitPro/libogc/lib/wii\libSDL.a(SDL_sysmutex.o)
                0x8006075c                SDL_mutexV
 .text.SDL_CreateSemaphore
                0x800607a0       0xe0 c:/devkitPro/libogc/lib/wii\libSDL.a(SDL_syssem.o)
                0x800607a0                SDL_CreateSemaphore
 .text.SDL_DestroySemaphore
                0x80060880       0x8c c:/devkitPro/libogc/lib/wii\libSDL.a(SDL_syssem.o)
                0x80060880                SDL_DestroySemaphore
 .text.SDL_SemWait
                0x8006090c       0xd0 c:/devkitPro/libogc/lib/wii\libSDL.a(SDL_syssem.o)
                0x8006090c                SDL_SemWait
 .text.SDL_SemPost
                0x800609dc       0x7c c:/devkitPro/libogc/lib/wii\libSDL.a(SDL_syssem.o)
                0x800609dc                SDL_SemPost
 .text.run_thread
                0x80060a58       0x24 c:/devkitPro/libogc/lib/wii\libSDL.a(SDL_systhread.o)
                0x80060a58                run_thread
 .text.SDL_SYS_CreateThread
                0x80060a7c       0x40 c:/devkitPro/libogc/lib/wii\libSDL.a(SDL_systhread.o)
                0x80060a7c                SDL_SYS_CreateThread
 .text.SDL_SYS_SetupThread
                0x80060abc        0x4 c:/devkitPro/libogc/lib/wii\libSDL.a(SDL_systhread.o)
                0x80060abc                SDL_SYS_SetupThread
 .text.SDL_ThreadID
                0x80060ac0       0x20 c:/devkitPro/libogc/lib/wii\libSDL.a(SDL_systhread.o)
                0x80060ac0                SDL_ThreadID
 .text.SDL_SYS_WaitThread
                0x80060ae0       0x28 c:/devkitPro/libogc/lib/wii\libSDL.a(SDL_systhread.o)
                0x80060ae0                SDL_SYS_WaitThread
 .text.SDL_SetTimer.constprop.0
                0x80060b08       0xf8 c:/devkitPro/libogc/lib/wii\libSDL.a(SDL_timer.o)
 .text.SDL_SetTimerThreaded
                0x80060c00       0x50 c:/devkitPro/libogc/lib/wii\libSDL.a(SDL_timer.o)
                0x80060c00                SDL_SetTimerThreaded
 .text.SDL_TimerInit
                0x80060c50       0xd4 c:/devkitPro/libogc/lib/wii\libSDL.a(SDL_timer.o)
                0x80060c50                SDL_TimerInit
 .text.SDL_TimerQuit
                0x80060d24       0x9c c:/devkitPro/libogc/lib/wii\libSDL.a(SDL_timer.o)
                0x80060d24                SDL_TimerQuit
 .text.SDL_ThreadedTimerCheck
                0x80060dc0      0x1bc c:/devkitPro/libogc/lib/wii\libSDL.a(SDL_timer.o)
                0x80060dc0                SDL_ThreadedTimerCheck
 .text.RunTimer
                0x80060f7c       0xb0 c:/devkitPro/libogc/lib/wii\libSDL.a(SDL_systimer.o)
 .text.SDL_StartTicks
                0x8006102c        0x4 c:/devkitPro/libogc/lib/wii\libSDL.a(SDL_systimer.o)
                0x8006102c                SDL_StartTicks
 .text.SDL_GetTicks
                0x80061030       0x34 c:/devkitPro/libogc/lib/wii\libSDL.a(SDL_systimer.o)
                0x80061030                SDL_GetTicks
 .text.SDL_Delay
                0x80061064       0x64 c:/devkitPro/libogc/lib/wii\libSDL.a(SDL_systimer.o)
                0x80061064                SDL_Delay
 .text.SDL_SYS_TimerInit
                0x800610c8       0x54 c:/devkitPro/libogc/lib/wii\libSDL.a(SDL_systimer.o)
                0x800610c8                SDL_SYS_TimerInit
 .text.SDL_SYS_TimerQuit
                0x8006111c       0x54 c:/devkitPro/libogc/lib/wii\libSDL.a(SDL_systimer.o)
                0x8006111c                SDL_SYS_TimerQuit
 .text.SDL_SYS_StopTimer
                0x80061170        0x4 c:/devkitPro/libogc/lib/wii\libSDL.a(SDL_systimer.o)
                0x80061170                SDL_SYS_StopTimer
 .text.SDL_LoadBMP_RW
                0x80061174      0x754 c:/devkitPro/libogc/lib/wii\libSDL.a(SDL_bmp.o)
                0x80061174                SDL_LoadBMP_RW
 .text.SDL_MouseRect
                0x800618c8       0xdc c:/devkitPro/libogc/lib/wii\libSDL.a(SDL_cursor.o)
                0x800618c8                SDL_MouseRect
 .text.SDL_DrawCursorNoLock
                0x800619a4      0xb90 c:/devkitPro/libogc/lib/wii\libSDL.a(SDL_cursor.o)
                0x800619a4                SDL_DrawCursorNoLock
 .text.SDL_DrawCursor
                0x80062534       0xf8 c:/devkitPro/libogc/lib/wii\libSDL.a(SDL_cursor.o)
                0x80062534                SDL_DrawCursor
 .text.SDL_EraseCursorNoLock
                0x8006262c      0x1e0 c:/devkitPro/libogc/lib/wii\libSDL.a(SDL_cursor.o)
                0x8006262c                SDL_EraseCursorNoLock
 .text.SDL_MoveCursor
                0x8006280c      0x2bc c:/devkitPro/libogc/lib/wii\libSDL.a(SDL_cursor.o)
                0x8006280c                SDL_MoveCursor
 .text.SDL_EraseCursor
                0x80062ac8       0xf8 c:/devkitPro/libogc/lib/wii\libSDL.a(SDL_cursor.o)
                0x80062ac8                SDL_EraseCursor
 .text.SDL_SetCursor
                0x80062bc0      0x20c c:/devkitPro/libogc/lib/wii\libSDL.a(SDL_cursor.o)
                0x80062bc0                SDL_SetCursor
 .text.SDL_ShowCursor
                0x80062dcc       0xe4 c:/devkitPro/libogc/lib/wii\libSDL.a(SDL_cursor.o)
                0x80062dcc                SDL_ShowCursor
 .text.SDL_FreeCursor
                0x80062eb0       0xbc c:/devkitPro/libogc/lib/wii\libSDL.a(SDL_cursor.o)
                0x80062eb0                SDL_FreeCursor
 .text.SDL_CursorQuit
                0x80062f6c       0x9c c:/devkitPro/libogc/lib/wii\libSDL.a(SDL_cursor.o)
                0x80062f6c                SDL_CursorQuit
 .text.SDL_CursorInit
                0x80063008      0x1c8 c:/devkitPro/libogc/lib/wii\libSDL.a(SDL_cursor.o)
                0x80063008                SDL_CursorInit
 .text.SDL_ResetCursor
                0x800631d0       0x54 c:/devkitPro/libogc/lib/wii\libSDL.a(SDL_cursor.o)
                0x800631d0                SDL_ResetCursor
 .text.Map1to1  0x80063224      0x154 c:/devkitPro/libogc/lib/wii\libSDL.a(SDL_pixels.o)
 .text.MapNto1.isra.1
                0x80063378       0xcc c:/devkitPro/libogc/lib/wii\libSDL.a(SDL_pixels.o)
 .text.SDL_AllocFormat
                0x80063444      0x674 c:/devkitPro/libogc/lib/wii\libSDL.a(SDL_pixels.o)
                0x80063444                SDL_AllocFormat
 .text.SDL_ReallocFormat
                0x80063ab8      0x124 c:/devkitPro/libogc/lib/wii\libSDL.a(SDL_pixels.o)
                0x80063ab8                SDL_ReallocFormat
 .text.SDL_FormatChanged
                0x80063bdc       0x84 c:/devkitPro/libogc/lib/wii\libSDL.a(SDL_pixels.o)
                0x80063bdc                SDL_FormatChanged
 .text.SDL_FreeFormat
                0x80063c60       0x5c c:/devkitPro/libogc/lib/wii\libSDL.a(SDL_pixels.o)
                0x80063c60                SDL_FreeFormat
 .text.SDL_DitherColors
                0x80063cbc       0x6c c:/devkitPro/libogc/lib/wii\libSDL.a(SDL_pixels.o)
                0x80063cbc                SDL_DitherColors
 .text.SDL_CalculatePitch
                0x80063d28       0x50 c:/devkitPro/libogc/lib/wii\libSDL.a(SDL_pixels.o)
                0x80063d28                SDL_CalculatePitch
 .text.SDL_MapRGB
                0x80063d78       0xc8 c:/devkitPro/libogc/lib/wii\libSDL.a(SDL_pixels.o)
                0x80063d78                SDL_MapRGB
 .text.SDL_GetRGB
                0x80063e40       0xd0 c:/devkitPro/libogc/lib/wii\libSDL.a(SDL_pixels.o)
                0x80063e40                SDL_GetRGB
 .text.SDL_AllocBlitMap
                0x80063f10       0xdc c:/devkitPro/libogc/lib/wii\libSDL.a(SDL_pixels.o)
                0x80063f10                SDL_AllocBlitMap
 .text.SDL_InvalidateMap
                0x80063fec       0x58 c:/devkitPro/libogc/lib/wii\libSDL.a(SDL_pixels.o)
                0x80063fec                SDL_InvalidateMap
 .text.SDL_MapSurface
                0x80064044      0x3c8 c:/devkitPro/libogc/lib/wii\libSDL.a(SDL_pixels.o)
                0x80064044                SDL_MapSurface
 .text.SDL_FreeBlitMap
                0x8006440c       0x70 c:/devkitPro/libogc/lib/wii\libSDL.a(SDL_pixels.o)
                0x8006440c                SDL_FreeBlitMap
 .text.SDL_FreeSurface.part.3
                0x8006447c      0x158 c:/devkitPro/libogc/lib/wii\libSDL.a(SDL_surface.o)
 .text.SDL_SetColorKey
                0x800645d4      0x150 c:/devkitPro/libogc/lib/wii\libSDL.a(SDL_surface.o)
                0x800645d4                SDL_SetColorKey
 .text.SDL_SetAlpha
                0x80064724      0x1b8 c:/devkitPro/libogc/lib/wii\libSDL.a(SDL_surface.o)
                0x80064724                SDL_SetAlpha
 .text.SDL_SetClipRect
                0x800648dc      0x138 c:/devkitPro/libogc/lib/wii\libSDL.a(SDL_surface.o)
                0x800648dc                SDL_SetClipRect
 .text.SDL_LowerBlit
                0x80064a14      0x150 c:/devkitPro/libogc/lib/wii\libSDL.a(SDL_surface.o)
                0x80064a14                SDL_LowerBlit
 .text.SDL_UpperBlit
                0x80064b64      0x220 c:/devkitPro/libogc/lib/wii\libSDL.a(SDL_surface.o)
                0x80064b64                SDL_UpperBlit
 .text.SDL_FillRect
                0x80064d84      0x660 c:/devkitPro/libogc/lib/wii\libSDL.a(SDL_surface.o)
                0x80064d84                SDL_FillRect
 .text.SDL_LockSurface
                0x800653e4       0xb4 c:/devkitPro/libogc/lib/wii\libSDL.a(SDL_surface.o)
                0x800653e4                SDL_LockSurface
 .text.SDL_UnlockSurface
                0x80065498       0x94 c:/devkitPro/libogc/lib/wii\libSDL.a(SDL_surface.o)
                0x80065498                SDL_UnlockSurface
 .text.SDL_FreeSurface
                0x8006552c       0x48 c:/devkitPro/libogc/lib/wii\libSDL.a(SDL_surface.o)
                0x8006552c                SDL_FreeSurface
 .text.SDL_CreateRGBSurface
                0x80065574      0x330 c:/devkitPro/libogc/lib/wii\libSDL.a(SDL_surface.o)
                0x80065574                SDL_CreateRGBSurface
 .text.SDL_ConvertSurface
                0x800658a4      0x3c8 c:/devkitPro/libogc/lib/wii\libSDL.a(SDL_surface.o)
                0x800658a4                SDL_ConvertSurface
 .text.SDL_WM_GrabInputRaw
                0x80065c6c       0xec c:/devkitPro/libogc/lib/wii\libSDL.a(SDL_video.o)
 .text.SDL_UpdateRects.constprop.3